Archive member included to satisfy reference by file (symbol)

C:/CubeCLT/STM32CubeCLT_1.18.0/GNU-tools-for-STM32/bin/../lib/gcc/arm-none-eabi/13.3.1/../../../../arm-none-eabi/lib/thumb/v7e-m+fp/hard\libc_nano.a(libc_a-exit.o)
                              C:/CubeCLT/STM32CubeCLT_1.18.0/GNU-tools-for-STM32/bin/../lib/gcc/arm-none-eabi/13.3.1/../../../../arm-none-eabi/lib/thumb/v7e-m+fp/hard/crt0.o (exit)
C:/CubeCLT/STM32CubeCLT_1.18.0/GNU-tools-for-STM32/bin/../lib/gcc/arm-none-eabi/13.3.1/../../../../arm-none-eabi/lib/thumb/v7e-m+fp/hard\libc_nano.a(libc_a-findfp.o)
                              C:/CubeCLT/STM32CubeCLT_1.18.0/GNU-tools-for-STM32/bin/../lib/gcc/arm-none-eabi/13.3.1/../../../../arm-none-eabi/lib/thumb/v7e-m+fp/hard\libc_nano.a(libc_a-exit.o) (__stdio_exit_handler)
C:/CubeCLT/STM32CubeCLT_1.18.0/GNU-tools-for-STM32/bin/../lib/gcc/arm-none-eabi/13.3.1/../../../../arm-none-eabi/lib/thumb/v7e-m+fp/hard\libc_nano.a(libc_a-fwalk.o)
                              C:/CubeCLT/STM32CubeCLT_1.18.0/GNU-tools-for-STM32/bin/../lib/gcc/arm-none-eabi/13.3.1/../../../../arm-none-eabi/lib/thumb/v7e-m+fp/hard\libc_nano.a(libc_a-findfp.o) (_fwalk_sglue)
C:/CubeCLT/STM32CubeCLT_1.18.0/GNU-tools-for-STM32/bin/../lib/gcc/arm-none-eabi/13.3.1/../../../../arm-none-eabi/lib/thumb/v7e-m+fp/hard\libc_nano.a(libc_a-stdio.o)
                              C:/CubeCLT/STM32CubeCLT_1.18.0/GNU-tools-for-STM32/bin/../lib/gcc/arm-none-eabi/13.3.1/../../../../arm-none-eabi/lib/thumb/v7e-m+fp/hard\libc_nano.a(libc_a-findfp.o) (__sread)
C:/CubeCLT/STM32CubeCLT_1.18.0/GNU-tools-for-STM32/bin/../lib/gcc/arm-none-eabi/13.3.1/../../../../arm-none-eabi/lib/thumb/v7e-m+fp/hard\libc_nano.a(libc_a-memset.o)
                              C:/CubeCLT/STM32CubeCLT_1.18.0/GNU-tools-for-STM32/bin/../lib/gcc/arm-none-eabi/13.3.1/../../../../arm-none-eabi/lib/thumb/v7e-m+fp/hard/crt0.o (memset)
C:/CubeCLT/STM32CubeCLT_1.18.0/GNU-tools-for-STM32/bin/../lib/gcc/arm-none-eabi/13.3.1/../../../../arm-none-eabi/lib/thumb/v7e-m+fp/hard\libc_nano.a(libc_a-closer.o)
                              C:/CubeCLT/STM32CubeCLT_1.18.0/GNU-tools-for-STM32/bin/../lib/gcc/arm-none-eabi/13.3.1/../../../../arm-none-eabi/lib/thumb/v7e-m+fp/hard\libc_nano.a(libc_a-stdio.o) (_close_r)
C:/CubeCLT/STM32CubeCLT_1.18.0/GNU-tools-for-STM32/bin/../lib/gcc/arm-none-eabi/13.3.1/../../../../arm-none-eabi/lib/thumb/v7e-m+fp/hard\libc_nano.a(libc_a-reent.o)
                              C:/CubeCLT/STM32CubeCLT_1.18.0/GNU-tools-for-STM32/bin/../lib/gcc/arm-none-eabi/13.3.1/../../../../arm-none-eabi/lib/thumb/v7e-m+fp/hard\libc_nano.a(libc_a-closer.o) (errno)
C:/CubeCLT/STM32CubeCLT_1.18.0/GNU-tools-for-STM32/bin/../lib/gcc/arm-none-eabi/13.3.1/../../../../arm-none-eabi/lib/thumb/v7e-m+fp/hard\libc_nano.a(libc_a-impure.o)
                              C:/CubeCLT/STM32CubeCLT_1.18.0/GNU-tools-for-STM32/bin/../lib/gcc/arm-none-eabi/13.3.1/../../../../arm-none-eabi/lib/thumb/v7e-m+fp/hard\libc_nano.a(libc_a-reent.o) (_impure_ptr)
C:/CubeCLT/STM32CubeCLT_1.18.0/GNU-tools-for-STM32/bin/../lib/gcc/arm-none-eabi/13.3.1/../../../../arm-none-eabi/lib/thumb/v7e-m+fp/hard\libc_nano.a(libc_a-lseekr.o)
                              C:/CubeCLT/STM32CubeCLT_1.18.0/GNU-tools-for-STM32/bin/../lib/gcc/arm-none-eabi/13.3.1/../../../../arm-none-eabi/lib/thumb/v7e-m+fp/hard\libc_nano.a(libc_a-stdio.o) (_lseek_r)
C:/CubeCLT/STM32CubeCLT_1.18.0/GNU-tools-for-STM32/bin/../lib/gcc/arm-none-eabi/13.3.1/../../../../arm-none-eabi/lib/thumb/v7e-m+fp/hard\libc_nano.a(libc_a-readr.o)
                              C:/CubeCLT/STM32CubeCLT_1.18.0/GNU-tools-for-STM32/bin/../lib/gcc/arm-none-eabi/13.3.1/../../../../arm-none-eabi/lib/thumb/v7e-m+fp/hard\libc_nano.a(libc_a-stdio.o) (_read_r)
C:/CubeCLT/STM32CubeCLT_1.18.0/GNU-tools-for-STM32/bin/../lib/gcc/arm-none-eabi/13.3.1/../../../../arm-none-eabi/lib/thumb/v7e-m+fp/hard\libc_nano.a(libc_a-writer.o)
                              C:/CubeCLT/STM32CubeCLT_1.18.0/GNU-tools-for-STM32/bin/../lib/gcc/arm-none-eabi/13.3.1/../../../../arm-none-eabi/lib/thumb/v7e-m+fp/hard\libc_nano.a(libc_a-stdio.o) (_write_r)
C:/CubeCLT/STM32CubeCLT_1.18.0/GNU-tools-for-STM32/bin/../lib/gcc/arm-none-eabi/13.3.1/../../../../arm-none-eabi/lib/thumb/v7e-m+fp/hard\libc_nano.a(libc_a-init.o)
                              C:/CubeCLT/STM32CubeCLT_1.18.0/GNU-tools-for-STM32/bin/../lib/gcc/arm-none-eabi/13.3.1/../../../../arm-none-eabi/lib/thumb/v7e-m+fp/hard/crt0.o (__libc_init_array)
C:/CubeCLT/STM32CubeCLT_1.18.0/GNU-tools-for-STM32/bin/../lib/gcc/arm-none-eabi/13.3.1/../../../../arm-none-eabi/lib/thumb/v7e-m+fp/hard\libc_nano.a(libc_a-lock.o)
                              C:/CubeCLT/STM32CubeCLT_1.18.0/GNU-tools-for-STM32/bin/../lib/gcc/arm-none-eabi/13.3.1/../../../../arm-none-eabi/lib/thumb/v7e-m+fp/hard\libc_nano.a(libc_a-findfp.o) (__retarget_lock_init_recursive)
[...]
Memory Configuration

Name             Origin             Length             Attributes
RAM              0x20000000         0x00020000         xrw
CCMRAM           0x10000000         0x00010000         xrw
FLASH            0x08000000         0x00080000         xr
*default*        0x00000000         0xffffffff

Linker script and memory map

LOAD C:/CubeCLT/STM32CubeCLT_1.18.0/GNU-tools-for-STM32/bin/../lib/gcc/arm-none-eabi/13.3.1/thumb/v7e-m+fp/hard/crti.o
LOAD C:/CubeCLT/STM32CubeCLT_1.18.0/GNU-tools-for-STM32/bin/../lib/gcc/arm-none-eabi/13.3.1/thumb/v7e-m+fp/hard/crtbegin.o
LOAD C:/CubeCLT/STM32CubeCLT_1.18.0/GNU-tools-for-STM32/bin/../lib/gcc/arm-none-eabi/13.3.1/../../../../arm-none-eabi/lib/thumb/v7e-m+fp/hard/crt0.o
START GROUP
LOAD C:/CubeCLT/STM32CubeCLT_1.18.0/GNU-tools-for-STM32/bin/../lib/gcc/arm-none-eabi/13.3.1/../../../../arm-none-eabi/lib/thumb/v7e-m+fp/hard\libc_nano.a
LOAD C:/CubeCLT/STM32CubeCLT_1.18.0/GNU-tools-for-STM32/bin/../lib/gcc/arm-none-eabi/13.3.1/../../../../arm-none-eabi/lib/thumb/v7e-m+fp/hard\libm.a
END GROUP
LOAD cmake/stm32cubemx/CMakeFiles/STM32_Drivers.dir/__/__/Core/Src/system_stm32f4xx.c.obj
LOAD cmake/stm32cubemx/CMakeFiles/STM32_Drivers.dir/__/__/Drivers/STM32F4xx_HAL_Driver/Src/stm32f4xx_hal_tim.c.obj
LOAD cmake/stm32cubemx/CMakeFiles/STM32_Drivers.dir/__/__/Drivers/STM32F4xx_HAL_Driver/Src/stm32f4xx_hal_tim_ex.c.obj
LOAD cmake/stm32cubemx/CMakeFiles/STM32_Drivers.dir/__/__/Drivers/STM32F4xx_HAL_Driver/Src/stm32f4xx_hal_rcc.c.obj
LOAD cmake/stm32cubemx/CMakeFiles/STM32_Drivers.dir/__/__/Drivers/STM32F4xx_HAL_Driver/Src/stm32f4xx_hal_rcc_ex.c.obj
LOAD cmake/stm32cubemx/CMakeFiles/STM32_Drivers.dir/__/__/Drivers/STM32F4xx_HAL_Driver/Src/stm32f4xx_hal_flash.c.obj
LOAD cmake/stm32cubemx/CMakeFiles/STM32_Drivers.dir/__/__/Drivers/STM32F4xx_HAL_Driver/Src/stm32f4xx_hal_flash_ex.c.obj
LOAD cmake/stm32cubemx/CMakeFiles/STM32_Drivers.dir/__/__/Drivers/STM32F4xx_HAL_Driver/Src/stm32f4xx_hal_flash_ramfunc.c.obj
LOAD cmake/stm32cubemx/CMakeFiles/STM32_Drivers.dir/__/__/Drivers/STM32F4xx_HAL_Driver/Src/stm32f4xx_hal_gpio.c.obj
LOAD cmake/stm32cubemx/CMakeFiles/STM32_Drivers.dir/__/__/Drivers/STM32F4xx_HAL_Driver/Src/stm32f4xx_hal_dma_ex.c.obj
LOAD cmake/stm32cubemx/CMakeFiles/STM32_Drivers.dir/__/__/Drivers/STM32F4xx_HAL_Driver/Src/stm32f4xx_hal_dma.c.obj
LOAD cmake/stm32cubemx/CMakeFiles/STM32_Drivers.dir/__/__/Drivers/STM32F4xx_HAL_Driver/Src/stm32f4xx_hal_pwr.c.obj
LOAD cmake/stm32cubemx/CMakeFiles/STM32_Drivers.dir/__/__/Drivers/STM32F4xx_HAL_Driver/Src/stm32f4xx_hal_pwr_ex.c.obj
LOAD cmake/stm32cubemx/CMakeFiles/STM32_Drivers.dir/__/__/Drivers/STM32F4xx_HAL_Driver/Src/stm32f4xx_hal_cortex.c.obj
LOAD cmake/stm32cubemx/CMakeFiles/STM32_Drivers.dir/__/__/Drivers/STM32F4xx_HAL_Driver/Src/stm32f4xx_hal.c.obj
LOAD cmake/stm32cubemx/CMakeFiles/STM32_Drivers.dir/__/__/Drivers/STM32F4xx_HAL_Driver/Src/stm32f4xx_hal_exti.c.obj
LOAD cmake/stm32cubemx/CMakeFiles/STM32_Drivers.dir/__/__/Drivers/STM32F4xx_HAL_Driver/Src/stm32f4xx_hal_uart.c.obj
LOAD CMakeFiles/BASIC.dir/Core/Src/main.c.obj
LOAD CMakeFiles/BASIC.dir/Core/Src/gpio.c.obj
LOAD CMakeFiles/BASIC.dir/Core/Src/dma.c.obj
LOAD CMakeFiles/BASIC.dir/Core/Src/tim.c.obj
LOAD CMakeFiles/BASIC.dir/Core/Src/usart.c.obj
LOAD CMakeFiles/BASIC.dir/Core/Src/stm32f4xx_it.c.obj
LOAD CMakeFiles/BASIC.dir/Core/Src/stm32f4xx_hal_msp.c.obj
LOAD CMakeFiles/BASIC.dir/Core/Src/sysmem.c.obj
LOAD CMakeFiles/BASIC.dir/Core/Src/syscalls.c.obj
LOAD CMakeFiles/BASIC.dir/startup_stm32f407xx.s.obj
LOAD CMakeFiles/BASIC.dir/sys/system.c.obj
LOAD CMakeFiles/BASIC.dir/sys/sys.c.obj
LOAD CMakeFiles/BASIC.dir/sys/delay.c.obj
LOAD CMakeFiles/BASIC.dir/hardware/OLED.c.obj
LOAD CMakeFiles/BASIC.dir/hardware/OLED_Data.c.obj
LOAD CMakeFiles/BASIC.dir/NVIC/timer.c.obj
LOAD CMakeFiles/BASIC.dir/NVIC/UART_NVIC.c.obj
LOAD CMakeFiles/BASIC.dir/NVIC/uart_execute.c.obj
START GROUP
LOAD C:/CubeCLT/STM32CubeCLT_1.18.0/GNU-tools-for-STM32/bin/../lib/gcc/arm-none-eabi/13.3.1/thumb/v7e-m+fp/hard\libgcc.a
LOAD C:/CubeCLT/STM32CubeCLT_1.18.0/GNU-tools-for-STM32/bin/../lib/gcc/arm-none-eabi/13.3.1/../../../../arm-none-eabi/lib/thumb/v7e-m+fp/hard\libg_nano.a
LOAD C:/CubeCLT/STM32CubeCLT_1.18.0/GNU-tools-for-STM32/bin/../lib/gcc/arm-none-eabi/13.3.1/../../../../arm-none-eabi/lib/thumb/v7e-m+fp/hard\libc_nano.a
END GROUP
START GROUP
LOAD C:/CubeCLT/STM32CubeCLT_1.18.0/GNU-tools-for-STM32/bin/../lib/gcc/arm-none-eabi/13.3.1/thumb/v7e-m+fp/hard\libgcc.a
LOAD C:/CubeCLT/STM32CubeCLT_1.18.0/GNU-tools-for-STM32/bin/../lib/gcc/arm-none-eabi/13.3.1/../../../../arm-none-eabi/lib/thumb/v7e-m+fp/hard\libc_nano.a
END GROUP
LOAD C:/CubeCLT/STM32CubeCLT_1.18.0/GNU-tools-for-STM32/bin/../lib/gcc/arm-none-eabi/13.3.1/thumb/v7e-m+fp/hard/crtend.o
LOAD C:/CubeCLT/STM32CubeCLT_1.18.0/GNU-tools-for-STM32/bin/../lib/gcc/arm-none-eabi/13.3.1/thumb/v7e-m+fp/hard/crtn.o
                0x20020000                        _estack = (ORIGIN (RAM) + LENGTH (RAM))
                0x00000200                        _Min_Heap_Size = 0x200
                0x00000400                        _Min_Stack_Size = 0x400

.isr_vector     0x08000000      0x188
                0x08000000                        . = ALIGN (0x4)
 *(.isr_vector)
 .isr_vector    0x08000000      0x188 CMakeFiles/BASIC.dir/startup_stm32f407xx.s.obj
                0x08000000                g_pfnVectors
                0x08000188                        . = ALIGN (0x4)

.text           0x08000188     0x49cc
                0x08000188                        . = ALIGN (0x4)
 *(.text)
 .text          0x08000188       0x40 C:/CubeCLT/STM32CubeCLT_1.18.0/GNU-tools-for-STM32/bin/../lib/gcc/arm-none-eabi/13.3.1/thumb/v7e-m+fp/hard/crtbegin.o
 .text          0x080001c8       0x30 C:/CubeCLT/STM32CubeCLT_1.18.0/GNU-tools-for-STM32/bin/../lib/gcc/arm-none-eabi/13.3.1/thumb/v7e-m+fp/hard\libgcc.a(_aeabi_uldivmod.o)
                0x080001c8                __aeabi_uldivmod
 .text          0x080001f8      0x2f8 C:/CubeCLT/STM32CubeCLT_1.18.0/GNU-tools-for-STM32/bin/../lib/gcc/arm-none-eabi/13.3.1/thumb/v7e-m+fp/hard\libgcc.a(_udivmoddi4.o)
                0x080001f8                __udivmoddi4
 .text          0x080004f0        0x4 C:/CubeCLT/STM32CubeCLT_1.18.0/GNU-tools-for-STM32/bin/../lib/gcc/arm-none-eabi/13.3.1/thumb/v7e-m+fp/hard\libgcc.a(_dvmd_tls.o)
                0x080004f0                __aeabi_idiv0
                0x080004f0                __aeabi_ldiv0
 .text          0x080004f4       0x14 C:/CubeCLT/STM32CubeCLT_1.18.0/GNU-tools-for-STM32/bin/../lib/gcc/arm-none-eabi/13.3.1/../../../../arm-none-eabi/lib/thumb/v7e-m+fp/hard\libg_nano.a(libc_a-strcmp.o)
                0x080004f4                strcmp
 *(.text*)
 .text.memset   0x08000508       0x10 C:/CubeCLT/STM32CubeCLT_1.18.0/GNU-tools-for-STM32/bin/../lib/gcc/arm-none-eabi/13.3.1/../../../../arm-none-eabi/lib/thumb/v7e-m+fp/hard\libc_nano.a(libc_a-memset.o)
                0x08000508                memset
 .text.__libc_init_array
                0x08000518       0x48 C:/CubeCLT/STM32CubeCLT_1.18.0/GNU-tools-for-STM32/bin/../lib/gcc/arm-none-eabi/13.3.1/../../../../arm-none-eabi/lib/thumb/v7e-m+fp/hard\libc_nano.a(libc_a-init.o)
                0x08000518                __libc_init_array
 .text.SystemInit
                0x08000560       0x24 cmake/stm32cubemx/CMakeFiles/STM32_Drivers.dir/__/__/Core/Src/system_stm32f4xx.c.obj
                0x08000560                SystemInit
 .text.HAL_TIM_Base_Init
                0x08000584       0x9e cmake/stm32cubemx/CMakeFiles/STM32_Drivers.dir/__/__/Drivers/STM32F4xx_HAL_Driver/Src/stm32f4xx_hal_tim.c.obj
                0x08000584                HAL_TIM_Base_Init
 .text.HAL_TIM_IRQHandler
                0x08000622      0x1e0 cmake/stm32cubemx/CMakeFiles/STM32_Drivers.dir/__/__/Drivers/STM32F4xx_HAL_Driver/Src/stm32f4xx_hal_tim.c.obj
                0x08000622                HAL_TIM_IRQHandler
 .text.HAL_TIM_OC_DelayElapsedCallback
                0x08000802       0x14 cmake/stm32cubemx/CMakeFiles/STM32_Drivers.dir/__/__/Drivers/STM32F4xx_HAL_Driver/Src/stm32f4xx_hal_tim.c.obj
                0x08000802                HAL_TIM_OC_DelayElapsedCallback
 .text.HAL_TIM_IC_CaptureCallback
                0x08000816       0x14 cmake/stm32cubemx/CMakeFiles/STM32_Drivers.dir/__/__/Drivers/STM32F4xx_HAL_Driver/Src/stm32f4xx_hal_tim.c.obj
                0x08000816                HAL_TIM_IC_CaptureCallback
 .text.HAL_TIM_PWM_PulseFinishedCallback
                0x0800082a       0x14 cmake/stm32cubemx/CMakeFiles/STM32_Drivers.dir/__/__/Drivers/STM32F4xx_HAL_Driver/Src/stm32f4xx_hal_tim.c.obj
                0x0800082a                HAL_TIM_PWM_PulseFinishedCallback
 .text.HAL_TIM_TriggerCallback
                0x0800083e       0x14 cmake/stm32cubemx/CMakeFiles/STM32_Drivers.dir/__/__/Drivers/STM32F4xx_HAL_Driver/Src/stm32f4xx_hal_tim.c.obj
                0x0800083e                HAL_TIM_TriggerCallback
 *fill*         0x08000852        0x2 
 .text.TIM_Base_SetConfig
                0x08000854      0x14c cmake/stm32cubemx/CMakeFiles/STM32_Drivers.dir/__/__/Drivers/STM32F4xx_HAL_Driver/Src/stm32f4xx_hal_tim.c.obj
                0x08000854                TIM_Base_SetConfig
 .text.HAL_TIMEx_MasterConfigSynchronization
                0x080009a0       0xf8 cmake/stm32cubemx/CMakeFiles/STM32_Drivers.dir/__/__/Drivers/STM32F4xx_HAL_Driver/Src/stm32f4xx_hal_tim_ex.c.obj
                0x080009a0                HAL_TIMEx_MasterConfigSynchronization
 .text.HAL_TIMEx_CommutCallback
                0x08000a98       0x14 cmake/stm32cubemx/CMakeFiles/STM32_Drivers.dir/__/__/Drivers/STM32F4xx_HAL_Driver/Src/stm32f4xx_hal_tim_ex.c.obj
                0x08000a98                HAL_TIMEx_CommutCallback
 .text.HAL_TIMEx_BreakCallback
                0x08000aac       0x14 cmake/stm32cubemx/CMakeFiles/STM32_Drivers.dir/__/__/Drivers/STM32F4xx_HAL_Driver/Src/stm32f4xx_hal_tim_ex.c.obj
                0x08000aac                HAL_TIMEx_BreakCallback
 .text.HAL_RCC_OscConfig
                0x08000ac0      0x4f0 cmake/stm32cubemx/CMakeFiles/STM32_Drivers.dir/__/__/Drivers/STM32F4xx_HAL_Driver/Src/stm32f4xx_hal_rcc.c.obj
                0x08000ac0                HAL_RCC_OscConfig
 .text.HAL_RCC_ClockConfig
                0x08000fb0      0x1cc cmake/stm32cubemx/CMakeFiles/STM32_Drivers.dir/__/__/Drivers/STM32F4xx_HAL_Driver/Src/stm32f4xx_hal_rcc.c.obj
                0x08000fb0                HAL_RCC_ClockConfig
 .text.HAL_RCC_GetSysClockFreq
                0x0800117c      0x20c cmake/stm32cubemx/CMakeFiles/STM32_Drivers.dir/__/__/Drivers/STM32F4xx_HAL_Driver/Src/stm32f4xx_hal_rcc.c.obj
                0x0800117c                HAL_RCC_GetSysClockFreq
 .text.HAL_RCC_GetHCLKFreq
                0x08001388       0x18 cmake/stm32cubemx/CMakeFiles/STM32_Drivers.dir/__/__/Drivers/STM32F4xx_HAL_Driver/Src/stm32f4xx_hal_rcc.c.obj
                0x08001388                HAL_RCC_GetHCLKFreq
 .text.HAL_RCC_GetPCLK1Freq
                0x080013a0       0x28 cmake/stm32cubemx/CMakeFiles/STM32_Drivers.dir/__/__/Drivers/STM32F4xx_HAL_Driver/Src/stm32f4xx_hal_rcc.c.obj
                0x080013a0                HAL_RCC_GetPCLK1Freq
 .text.HAL_RCC_GetPCLK2Freq
                0x080013c8       0x28 cmake/stm32cubemx/CMakeFiles/STM32_Drivers.dir/__/__/Drivers/STM32F4xx_HAL_Driver/Src/stm32f4xx_hal_rcc.c.obj
                0x080013c8                HAL_RCC_GetPCLK2Freq
 .text.HAL_GPIO_Init
                0x080013f0      0x338 cmake/stm32cubemx/CMakeFiles/STM32_Drivers.dir/__/__/Drivers/STM32F4xx_HAL_Driver/Src/stm32f4xx_hal_gpio.c.obj
                0x080013f0                HAL_GPIO_Init
 .text.HAL_GPIO_WritePin
                0x08001728       0x32 cmake/stm32cubemx/CMakeFiles/STM32_Drivers.dir/__/__/Drivers/STM32F4xx_HAL_Driver/Src/stm32f4xx_hal_gpio.c.obj
                0x08001728                HAL_GPIO_WritePin
 *fill*         0x0800175a        0x2 
 .text.HAL_DMA_Init
                0x0800175c      0x15c cmake/stm32cubemx/CMakeFiles/STM32_Drivers.dir/__/__/Drivers/STM32F4xx_HAL_Driver/Src/stm32f4xx_hal_dma.c.obj
                0x0800175c                HAL_DMA_Init
 .text.HAL_DMA_Abort
                0x080018b8       0xe0 cmake/stm32cubemx/CMakeFiles/STM32_Drivers.dir/__/__/Drivers/STM32F4xx_HAL_Driver/Src/stm32f4xx_hal_dma.c.obj
                0x080018b8                HAL_DMA_Abort
 .text.HAL_DMA_Abort_IT
                0x08001998       0x44 cmake/stm32cubemx/CMakeFiles/STM32_Drivers.dir/__/__/Drivers/STM32F4xx_HAL_Driver/Src/stm32f4xx_hal_dma.c.obj
                0x08001998                HAL_DMA_Abort_IT
 .text.HAL_DMA_IRQHandler
                0x080019dc      0x314 cmake/stm32cubemx/CMakeFiles/STM32_Drivers.dir/__/__/Drivers/STM32F4xx_HAL_Driver/Src/stm32f4xx_hal_dma.c.obj
                0x080019dc                HAL_DMA_IRQHandler
 .text.DMA_CalcBaseAndBitshift
                0x08001cf0       0x6c cmake/stm32cubemx/CMakeFiles/STM32_Drivers.dir/__/__/Drivers/STM32F4xx_HAL_Driver/Src/stm32f4xx_hal_dma.c.obj
 .text.DMA_CheckFifoParam
                0x08001d5c       0xf8 cmake/stm32cubemx/CMakeFiles/STM32_Drivers.dir/__/__/Drivers/STM32F4xx_HAL_Driver/Src/stm32f4xx_hal_dma.c.obj
 .text.__NVIC_SetPriorityGrouping
                0x08001e54       0x48 cmake/stm32cubemx/CMakeFiles/STM32_Drivers.dir/__/__/Drivers/STM32F4xx_HAL_Driver/Src/stm32f4xx_hal_cortex.c.obj
 .text.__NVIC_GetPriorityGrouping
                0x08001e9c       0x1c cmake/stm32cubemx/CMakeFiles/STM32_Drivers.dir/__/__/Drivers/STM32F4xx_HAL_Driver/Src/stm32f4xx_hal_cortex.c.obj
 .text.__NVIC_EnableIRQ
                0x08001eb8       0x3c cmake/stm32cubemx/CMakeFiles/STM32_Drivers.dir/__/__/Drivers/STM32F4xx_HAL_Driver/Src/stm32f4xx_hal_cortex.c.obj
 .text.__NVIC_SetPriority
                0x08001ef4       0x54 cmake/stm32cubemx/CMakeFiles/STM32_Drivers.dir/__/__/Drivers/STM32F4xx_HAL_Driver/Src/stm32f4xx_hal_cortex.c.obj
 .text.NVIC_EncodePriority
                0x08001f48       0x66 cmake/stm32cubemx/CMakeFiles/STM32_Drivers.dir/__/__/Drivers/STM32F4xx_HAL_Driver/Src/stm32f4xx_hal_cortex.c.obj
 *fill*         0x08001fae        0x2 
 .text.SysTick_Config
                0x08001fb0       0x44 cmake/stm32cubemx/CMakeFiles/STM32_Drivers.dir/__/__/Drivers/STM32F4xx_HAL_Driver/Src/stm32f4xx_hal_cortex.c.obj
 .text.HAL_NVIC_SetPriorityGrouping
                0x08001ff4       0x16 cmake/stm32cubemx/CMakeFiles/STM32_Drivers.dir/__/__/Drivers/STM32F4xx_HAL_Driver/Src/stm32f4xx_hal_cortex.c.obj
                0x08001ff4                HAL_NVIC_SetPriorityGrouping
 .text.HAL_NVIC_SetPriority
                0x0800200a       0x38 cmake/stm32cubemx/CMakeFiles/STM32_Drivers.dir/__/__/Drivers/STM32F4xx_HAL_Driver/Src/stm32f4xx_hal_cortex.c.obj
                0x0800200a                HAL_NVIC_SetPriority
 .text.HAL_NVIC_EnableIRQ
                0x08002042       0x1c cmake/stm32cubemx/CMakeFiles/STM32_Drivers.dir/__/__/Drivers/STM32F4xx_HAL_Driver/Src/stm32f4xx_hal_cortex.c.obj
                0x08002042                HAL_NVIC_EnableIRQ
 .text.HAL_SYSTICK_Config
                0x0800205e       0x18 cmake/stm32cubemx/CMakeFiles/STM32_Drivers.dir/__/__/Drivers/STM32F4xx_HAL_Driver/Src/stm32f4xx_hal_cortex.c.obj
                0x0800205e                HAL_SYSTICK_Config
 *fill*         0x08002076        0x2 
 .text.HAL_Init
                0x08002078       0x44 cmake/stm32cubemx/CMakeFiles/STM32_Drivers.dir/__/__/Drivers/STM32F4xx_HAL_Driver/Src/stm32f4xx_hal.c.obj
                0x08002078                HAL_Init
 .text.HAL_InitTick
                0x080020bc       0x60 cmake/stm32cubemx/CMakeFiles/STM32_Drivers.dir/__/__/Drivers/STM32F4xx_HAL_Driver/Src/stm32f4xx_hal.c.obj
                0x080020bc                HAL_InitTick
 .text.HAL_IncTick
                0x0800211c       0x28 cmake/stm32cubemx/CMakeFiles/STM32_Drivers.dir/__/__/Drivers/STM32F4xx_HAL_Driver/Src/stm32f4xx_hal.c.obj
                0x0800211c                HAL_IncTick
 .text.HAL_GetTick
                0x08002144       0x18 cmake/stm32cubemx/CMakeFiles/STM32_Drivers.dir/__/__/Drivers/STM32F4xx_HAL_Driver/Src/stm32f4xx_hal.c.obj
                0x08002144                HAL_GetTick
 .text.HAL_Delay
                0x0800215c       0x48 cmake/stm32cubemx/CMakeFiles/STM32_Drivers.dir/__/__/Drivers/STM32F4xx_HAL_Driver/Src/stm32f4xx_hal.c.obj
                0x0800215c                HAL_Delay
 .text.HAL_UART_Init
                0x080021a4       0xa0 cmake/stm32cubemx/CMakeFiles/STM32_Drivers.dir/__/__/Drivers/STM32F4xx_HAL_Driver/Src/stm32f4xx_hal_uart.c.obj
                0x080021a4                HAL_UART_Init
 .text.HAL_UART_IRQHandler
                0x08002244      0x554 cmake/stm32cubemx/CMakeFiles/STM32_Drivers.dir/__/__/Drivers/STM32F4xx_HAL_Driver/Src/stm32f4xx_hal_uart.c.obj
                0x08002244                HAL_UART_IRQHandler
 .text.HAL_UART_RxCpltCallback
                0x08002798       0x14 cmake/stm32cubemx/CMakeFiles/STM32_Drivers.dir/__/__/Drivers/STM32F4xx_HAL_Driver/Src/stm32f4xx_hal_uart.c.obj
                0x08002798                HAL_UART_RxCpltCallback
 .text.HAL_UART_ErrorCallback
                0x080027ac       0x14 cmake/stm32cubemx/CMakeFiles/STM32_Drivers.dir/__/__/Drivers/STM32F4xx_HAL_Driver/Src/stm32f4xx_hal_uart.c.obj
                0x080027ac                HAL_UART_ErrorCallback
 .text.HAL_UARTEx_RxEventCallback
                0x080027c0       0x18 cmake/stm32cubemx/CMakeFiles/STM32_Drivers.dir/__/__/Drivers/STM32F4xx_HAL_Driver/Src/stm32f4xx_hal_uart.c.obj
                0x080027c0                HAL_UARTEx_RxEventCallback
 .text.UART_EndRxTransfer
                0x080027d8       0xc6 cmake/stm32cubemx/CMakeFiles/STM32_Drivers.dir/__/__/Drivers/STM32F4xx_HAL_Driver/Src/stm32f4xx_hal_uart.c.obj
 .text.UART_DMAAbortOnError
                0x0800289e       0x22 cmake/stm32cubemx/CMakeFiles/STM32_Drivers.dir/__/__/Drivers/STM32F4xx_HAL_Driver/Src/stm32f4xx_hal_uart.c.obj
 .text.UART_Transmit_IT
                0x080028c0       0xa0 cmake/stm32cubemx/CMakeFiles/STM32_Drivers.dir/__/__/Drivers/STM32F4xx_HAL_Driver/Src/stm32f4xx_hal_uart.c.obj
 .text.UART_EndTransmit_IT
                0x08002960       0x30 cmake/stm32cubemx/CMakeFiles/STM32_Drivers.dir/__/__/Drivers/STM32F4xx_HAL_Driver/Src/stm32f4xx_hal_uart.c.obj
 .text.UART_Receive_IT
                0x08002990      0x17c cmake/stm32cubemx/CMakeFiles/STM32_Drivers.dir/__/__/Drivers/STM32F4xx_HAL_Driver/Src/stm32f4xx_hal_uart.c.obj
 .text.UART_SetConfig
                0x08002b0c      0x4e8 cmake/stm32cubemx/CMakeFiles/STM32_Drivers.dir/__/__/Drivers/STM32F4xx_HAL_Driver/Src/stm32f4xx_hal_uart.c.obj
 .text.main     0x08002ff4       0x4c CMakeFiles/BASIC.dir/Core/Src/main.c.obj
                0x08002ff4                main
 .text.SystemClock_Config
                0x08003040       0xd4 CMakeFiles/BASIC.dir/Core/Src/main.c.obj
                0x08003040                SystemClock_Config
 .text.Error_Handler
                0x08003114        0xc CMakeFiles/BASIC.dir/Core/Src/main.c.obj
                0x08003114                Error_Handler
 .text.MX_GPIO_Init
                0x08003120      0x10c CMakeFiles/BASIC.dir/Core/Src/gpio.c.obj
                0x08003120                MX_GPIO_Init
 .text.MX_DMA_Init
                0x0800322c      0x10c CMakeFiles/BASIC.dir/Core/Src/dma.c.obj
                0x0800322c                MX_DMA_Init
 .text.MX_TIM6_Init
                0x08003338       0x6c CMakeFiles/BASIC.dir/Core/Src/tim.c.obj
                0x08003338                MX_TIM6_Init
 .text.HAL_TIM_Base_MspInit
                0x080033a4       0x50 CMakeFiles/BASIC.dir/Core/Src/tim.c.obj
                0x080033a4                HAL_TIM_Base_MspInit
 .text.MX_UART4_Init
                0x080033f4       0x54 CMakeFiles/BASIC.dir/Core/Src/usart.c.obj
                0x080033f4                MX_UART4_Init
 .text.MX_UART5_Init
                0x08003448       0x54 CMakeFiles/BASIC.dir/Core/Src/usart.c.obj
                0x08003448                MX_UART5_Init
 .text.MX_USART1_UART_Init
                0x0800349c       0x54 CMakeFiles/BASIC.dir/Core/Src/usart.c.obj
                0x0800349c                MX_USART1_UART_Init
 .text.MX_USART2_UART_Init
                0x080034f0       0x54 CMakeFiles/BASIC.dir/Core/Src/usart.c.obj
                0x080034f0                MX_USART2_UART_Init
 .text.MX_USART3_UART_Init
                0x08003544       0x54 CMakeFiles/BASIC.dir/Core/Src/usart.c.obj
                0x08003544                MX_USART3_UART_Init
 .text.MX_USART6_UART_Init
                0x08003598       0x54 CMakeFiles/BASIC.dir/Core/Src/usart.c.obj
                0x08003598                MX_USART6_UART_Init
 .text.HAL_UART_MspInit
                0x080035ec      0x828 CMakeFiles/BASIC.dir/Core/Src/usart.c.obj
                0x080035ec                HAL_UART_MspInit
 .text.NMI_Handler
                0x08003e14        0x8 CMakeFiles/BASIC.dir/Core/Src/stm32f4xx_it.c.obj
                0x08003e14                NMI_Handler
 .text.HardFault_Handler
                0x08003e1c        0x8 CMakeFiles/BASIC.dir/Core/Src/stm32f4xx_it.c.obj
                0x08003e1c                HardFault_Handler
 .text.MemManage_Handler
                0x08003e24        0x8 CMakeFiles/BASIC.dir/Core/Src/stm32f4xx_it.c.obj
                0x08003e24                MemManage_Handler
 .text.BusFault_Handler
                0x08003e2c        0x8 CMakeFiles/BASIC.dir/Core/Src/stm32f4xx_it.c.obj
                0x08003e2c                BusFault_Handler
 .text.UsageFault_Handler
                0x08003e34        0x8 CMakeFiles/BASIC.dir/Core/Src/stm32f4xx_it.c.obj
                0x08003e34                UsageFault_Handler
 .text.SVC_Handler
                0x08003e3c        0xe CMakeFiles/BASIC.dir/Core/Src/stm32f4xx_it.c.obj
                0x08003e3c                SVC_Handler
 .text.DebugMon_Handler
                0x08003e4a        0xe CMakeFiles/BASIC.dir/Core/Src/stm32f4xx_it.c.obj
                0x08003e4a                DebugMon_Handler
 .text.PendSV_Handler
                0x08003e58        0xe CMakeFiles/BASIC.dir/Core/Src/stm32f4xx_it.c.obj
                0x08003e58                PendSV_Handler
 .text.SysTick_Handler
                0x08003e66        0xc CMakeFiles/BASIC.dir/Core/Src/stm32f4xx_it.c.obj
                0x08003e66                SysTick_Handler
 *fill*         0x08003e72        0x2 
 .text.DMA1_Stream0_IRQHandler
                0x08003e74       0x14 CMakeFiles/BASIC.dir/Core/Src/stm32f4xx_it.c.obj
                0x08003e74                DMA1_Stream0_IRQHandler
 .text.DMA1_Stream1_IRQHandler
                0x08003e88       0x14 CMakeFiles/BASIC.dir/Core/Src/stm32f4xx_it.c.obj
                0x08003e88                DMA1_Stream1_IRQHandler
 .text.DMA1_Stream2_IRQHandler
                0x08003e9c       0x14 CMakeFiles/BASIC.dir/Core/Src/stm32f4xx_it.c.obj
                0x08003e9c                DMA1_Stream2_IRQHandler
 .text.DMA1_Stream3_IRQHandler
                0x08003eb0       0x14 CMakeFiles/BASIC.dir/Core/Src/stm32f4xx_it.c.obj
                0x08003eb0                DMA1_Stream3_IRQHandler
 .text.DMA1_Stream4_IRQHandler
                0x08003ec4       0x14 CMakeFiles/BASIC.dir/Core/Src/stm32f4xx_it.c.obj
                0x08003ec4                DMA1_Stream4_IRQHandler
 .text.DMA1_Stream5_IRQHandler
                0x08003ed8       0x14 CMakeFiles/BASIC.dir/Core/Src/stm32f4xx_it.c.obj
                0x08003ed8                DMA1_Stream5_IRQHandler
 .text.DMA1_Stream6_IRQHandler
                0x08003eec       0x14 CMakeFiles/BASIC.dir/Core/Src/stm32f4xx_it.c.obj
                0x08003eec                DMA1_Stream6_IRQHandler
 .text.USART1_IRQHandler
                0x08003f00       0x14 CMakeFiles/BASIC.dir/Core/Src/stm32f4xx_it.c.obj
                0x08003f00                USART1_IRQHandler
 .text.USART2_IRQHandler
                0x08003f14       0x14 CMakeFiles/BASIC.dir/Core/Src/stm32f4xx_it.c.obj
                0x08003f14                USART2_IRQHandler
 .text.USART3_IRQHandler
                0x08003f28       0x14 CMakeFiles/BASIC.dir/Core/Src/stm32f4xx_it.c.obj
                0x08003f28                USART3_IRQHandler
 .text.DMA1_Stream7_IRQHandler
                0x08003f3c       0x14 CMakeFiles/BASIC.dir/Core/Src/stm32f4xx_it.c.obj
                0x08003f3c                DMA1_Stream7_IRQHandler
 .text.UART4_IRQHandler
                0x08003f50       0x14 CMakeFiles/BASIC.dir/Core/Src/stm32f4xx_it.c.obj
                0x08003f50                UART4_IRQHandler
 .text.UART5_IRQHandler
                0x08003f64       0x14 CMakeFiles/BASIC.dir/Core/Src/stm32f4xx_it.c.obj
                0x08003f64                UART5_IRQHandler
 .text.TIM6_DAC_IRQHandler
                0x08003f78       0x14 CMakeFiles/BASIC.dir/Core/Src/stm32f4xx_it.c.obj
                0x08003f78                TIM6_DAC_IRQHandler
 .text.DMA2_Stream1_IRQHandler
                0x08003f8c       0x14 CMakeFiles/BASIC.dir/Core/Src/stm32f4xx_it.c.obj
                0x08003f8c                DMA2_Stream1_IRQHandler
 .text.DMA2_Stream2_IRQHandler
                0x08003fa0       0x14 CMakeFiles/BASIC.dir/Core/Src/stm32f4xx_it.c.obj
                0x08003fa0                DMA2_Stream2_IRQHandler
 .text.DMA2_Stream6_IRQHandler
                0x08003fb4       0x14 CMakeFiles/BASIC.dir/Core/Src/stm32f4xx_it.c.obj
                0x08003fb4                DMA2_Stream6_IRQHandler
 .text.DMA2_Stream7_IRQHandler
                0x08003fc8       0x14 CMakeFiles/BASIC.dir/Core/Src/stm32f4xx_it.c.obj
                0x08003fc8                DMA2_Stream7_IRQHandler
 .text.USART6_IRQHandler
                0x08003fdc       0x14 CMakeFiles/BASIC.dir/Core/Src/stm32f4xx_it.c.obj
                0x08003fdc                USART6_IRQHandler
 .text.HAL_MspInit
                0x08003ff0       0x50 CMakeFiles/BASIC.dir/Core/Src/stm32f4xx_hal_msp.c.obj
                0x08003ff0                HAL_MspInit
 .text.Reset_Handler
                0x08004040       0x50 CMakeFiles/BASIC.dir/startup_stm32f407xx.s.obj
                0x08004040                Reset_Handler
 .text.Default_Handler
                0x08004090        0x2 CMakeFiles/BASIC.dir/startup_stm32f407xx.s.obj
                0x08004090                RTC_Alarm_IRQHandler
                0x08004090                HASH_RNG_IRQHandler
                0x08004090                EXTI2_IRQHandler
                0x08004090                TIM8_CC_IRQHandler
                0x08004090                TIM1_CC_IRQHandler
                0x08004090                DMA2_Stream5_IRQHandler
                0x08004090                PVD_IRQHandler
                0x08004090                SDIO_IRQHandler
                0x08004090                TAMP_STAMP_IRQHandler
                0x08004090                CAN2_RX1_IRQHandler
                0x08004090                EXTI3_IRQHandler
                0x08004090                TIM8_TRG_COM_TIM14_IRQHandler
                0x08004090                TIM1_UP_TIM10_IRQHandler
                0x08004090                TIM8_UP_TIM13_IRQHandler
                0x08004090                I2C3_ER_IRQHandler
                0x08004090                EXTI0_IRQHandler
                0x08004090                I2C2_EV_IRQHandler
                0x08004090                CAN1_RX0_IRQHandler
                0x08004090                FPU_IRQHandler
                0x08004090                OTG_HS_WKUP_IRQHandler
                0x08004090                CAN2_SCE_IRQHandler
                0x08004090                SPI1_IRQHandler
                0x08004090                TIM1_BRK_TIM9_IRQHandler
                0x08004090                DCMI_IRQHandler
                0x08004090                CAN2_RX0_IRQHandler
                0x08004090                DMA2_Stream3_IRQHandler
                0x08004090                CAN1_RX1_IRQHandler
                0x08004090                DMA2_Stream0_IRQHandler
                0x08004090                TIM4_IRQHandler
                0x08004090                I2C1_EV_IRQHandler
                0x08004090                TIM3_IRQHandler
                0x08004090                RCC_IRQHandler
                0x08004090                TIM8_BRK_TIM12_IRQHandler
                0x08004090                Default_Handler
                0x08004090                EXTI15_10_IRQHandler
                0x08004090                ADC_IRQHandler
                0x08004090                TIM7_IRQHandler
                0x08004090                CAN2_TX_IRQHandler
                0x08004090                TIM5_IRQHandler
                0x08004090                I2C3_EV_IRQHandler
                0x08004090                EXTI9_5_IRQHandler
                0x08004090                RTC_WKUP_IRQHandler
                0x08004090                ETH_WKUP_IRQHandler
                0x08004090                SPI2_IRQHandler
                0x08004090                OTG_HS_EP1_IN_IRQHandler
                0x08004090                CAN1_TX_IRQHandler
                0x08004090                EXTI4_IRQHandler
                0x08004090                FSMC_IRQHandler
                0x08004090                ETH_IRQHandler
                0x08004090                OTG_HS_EP1_OUT_IRQHandler
                0x08004090                WWDG_IRQHandler
                0x08004090                TIM2_IRQHandler
                0x08004090                OTG_FS_WKUP_IRQHandler
                0x08004090                TIM1_TRG_COM_TIM11_IRQHandler
                0x08004090                OTG_HS_IRQHandler
                0x08004090                EXTI1_IRQHandler
                0x08004090                I2C2_ER_IRQHandler
                0x08004090                CAN1_SCE_IRQHandler
                0x08004090                FLASH_IRQHandler
                0x08004090                DMA2_Stream4_IRQHandler
                0x08004090                OTG_FS_IRQHandler
                0x08004090                SPI3_IRQHandler
                0x08004090                I2C1_ER_IRQHandler
 *fill*         0x08004092        0x2 
 .text.HAL_Delay_us
                0x08004094       0x4c CMakeFiles/BASIC.dir/sys/delay.c.obj
                0x08004094                HAL_Delay_us
 .text.delay_us
                0x080040e0       0x16 CMakeFiles/BASIC.dir/sys/delay.c.obj
                0x080040e0                delay_us
 *fill*         0x080040f6        0x2 
 .text.OLED_W_SCL
                0x080040f8       0x2c CMakeFiles/BASIC.dir/hardware/OLED.c.obj
                0x080040f8                OLED_W_SCL
 .text.OLED_W_SDA
                0x08004124       0x2c CMakeFiles/BASIC.dir/hardware/OLED.c.obj
                0x08004124                OLED_W_SDA
 .text.OLED_GPIO_Init
                0x08004150       0x42 CMakeFiles/BASIC.dir/hardware/OLED.c.obj
                0x08004150                OLED_GPIO_Init
 .text.OLED_I2C_Start
                0x08004192       0x20 CMakeFiles/BASIC.dir/hardware/OLED.c.obj
                0x08004192                OLED_I2C_Start
 .text.OLED_I2C_Stop
                0x080041b2       0x1a CMakeFiles/BASIC.dir/hardware/OLED.c.obj
                0x080041b2                OLED_I2C_Stop
 .text.OLED_I2C_SendByte
                0x080041cc       0x58 CMakeFiles/BASIC.dir/hardware/OLED.c.obj
                0x080041cc                OLED_I2C_SendByte
 .text.OLED_WriteCommand
                0x08004224       0x2e CMakeFiles/BASIC.dir/hardware/OLED.c.obj
                0x08004224                OLED_WriteCommand
 .text.OLED_WriteData
                0x08004252       0x4a CMakeFiles/BASIC.dir/hardware/OLED.c.obj
                0x08004252                OLED_WriteData
 .text.OLED_Init
                0x0800429c       0x9e CMakeFiles/BASIC.dir/hardware/OLED.c.obj
                0x0800429c                OLED_Init
 .text.OLED_SetCursor
                0x0800433a       0x46 CMakeFiles/BASIC.dir/hardware/OLED.c.obj
                0x0800433a                OLED_SetCursor
 .text.OLED_Update
                0x08004380       0x40 CMakeFiles/BASIC.dir/hardware/OLED.c.obj
                0x08004380                OLED_Update
 .text.OLED_Clear
                0x080043c0       0x50 CMakeFiles/BASIC.dir/hardware/OLED.c.obj
                0x080043c0                OLED_Clear
 .text.OLED_ClearArea
                0x08004410       0xec CMakeFiles/BASIC.dir/hardware/OLED.c.obj
                0x08004410                OLED_ClearArea
 .text.OLED_ShowChar
                0x080044fc       0x7c CMakeFiles/BASIC.dir/hardware/OLED.c.obj
                0x080044fc                OLED_ShowChar
 .text.OLED_ShowString
                0x08004578      0x284 CMakeFiles/BASIC.dir/hardware/OLED.c.obj
                0x08004578                OLED_ShowString
 .text.OLED_ShowImage
                0x080047fc      0x1c8 CMakeFiles/BASIC.dir/hardware/OLED.c.obj
                0x080047fc                OLED_ShowImage
 .text.HAL_TIM_PeriodElapsedCallback
                0x080049c4       0xb0 CMakeFiles/BASIC.dir/NVIC/timer.c.obj
                0x080049c4                HAL_TIM_PeriodElapsedCallback
 .text.HAL_UART_TxCpltCallback
                0x08004a74       0xc8 CMakeFiles/BASIC.dir/NVIC/uart_execute.c.obj
                0x08004a74                HAL_UART_TxCpltCallback
 *(.glue_7)
 .glue_7        0x08004b3c        0x0 linker stubs
 *(.glue_7t)
 .glue_7t       0x08004b3c        0x0 linker stubs
 *(.eh_frame)
 .eh_frame      0x08004b3c        0x0 C:/CubeCLT/STM32CubeCLT_1.18.0/GNU-tools-for-STM32/bin/../lib/gcc/arm-none-eabi/13.3.1/thumb/v7e-m+fp/hard/crtbegin.o
 *(.init)
 .init          0x08004b3c        0x4 C:/CubeCLT/STM32CubeCLT_1.18.0/GNU-tools-for-STM32/bin/../lib/gcc/arm-none-eabi/13.3.1/thumb/v7e-m+fp/hard/crti.o
                0x08004b3c                _init
 .init          0x08004b40        0x8 C:/CubeCLT/STM32CubeCLT_1.18.0/GNU-tools-for-STM32/bin/../lib/gcc/arm-none-eabi/13.3.1/thumb/v7e-m+fp/hard/crtn.o
 *(.fini)
 .fini          0x08004b48        0x4 C:/CubeCLT/STM32CubeCLT_1.18.0/GNU-tools-for-STM32/bin/../lib/gcc/arm-none-eabi/13.3.1/thumb/v7e-m+fp/hard/crti.o
                0x08004b48                _fini
 .fini          0x08004b4c        0x8 C:/CubeCLT/STM32CubeCLT_1.18.0/GNU-tools-for-STM32/bin/../lib/gcc/arm-none-eabi/13.3.1/thumb/v7e-m+fp/hard/crtn.o
                0x08004b54                        . = ALIGN (0x4)
                0x08004b54                        _etext = .

.vfp11_veneer   0x08004b54        0x0
 .vfp11_veneer  0x08004b54        0x0 linker stubs

.v4_bx          0x08004b54        0x0
 .v4_bx         0x08004b54        0x0 linker stubs

.iplt           0x08004b54        0x0
 .iplt          0x08004b54        0x0 C:/CubeCLT/STM32CubeCLT_1.18.0/GNU-tools-for-STM32/bin/../lib/gcc/arm-none-eabi/13.3.1/thumb/v7e-m+fp/hard/crtbegin.o

.rodata         0x08004b54      0x95c
                0x08004b54                        . = ALIGN (0x4)
 *(.rodata)
 .rodata        0x08004b54        0xc CMakeFiles/BASIC.dir/Core/Src/main.c.obj
 *(.rodata*)
 .rodata.AHBPrescTable
                0x08004b60       0x10 cmake/stm32cubemx/CMakeFiles/STM32_Drivers.dir/__/__/Core/Src/system_stm32f4xx.c.obj
                0x08004b60                AHBPrescTable
 .rodata.APBPrescTable
                0x08004b70        0x8 cmake/stm32cubemx/CMakeFiles/STM32_Drivers.dir/__/__/Core/Src/system_stm32f4xx.c.obj
                0x08004b70                APBPrescTable
 .rodata.flagBitshiftOffset.0
                0x08004b78        0x8 cmake/stm32cubemx/CMakeFiles/STM32_Drivers.dir/__/__/Drivers/STM32F4xx_HAL_Driver/Src/stm32f4xx_hal_dma.c.obj
 .rodata.OLED_F8x16
                0x08004b80      0x5f0 CMakeFiles/BASIC.dir/hardware/OLED_Data.c.obj
                0x08004b80                OLED_F8x16
 .rodata.OLED_F6x8
                0x08005170      0x23a CMakeFiles/BASIC.dir/hardware/OLED_Data.c.obj
                0x08005170                OLED_F6x8
 *fill*         0x080053aa        0x2 
 .rodata.OLED_CF16x16
                0x080053ac      0x103 CMakeFiles/BASIC.dir/hardware/OLED_Data.c.obj
                0x080053ac                OLED_CF16x16
                0x080054b0                        . = ALIGN (0x4)
 *fill*         0x080054af        0x1 

.ARM.extab      0x080054b0        0x0
                0x080054b0                        . = ALIGN (0x4)
 *(.ARM.extab* .gnu.linkonce.armextab.*)
                0x080054b0                        . = ALIGN (0x4)

.ARM            0x080054b0        0x8
                0x080054b0                        . = ALIGN (0x4)
                0x080054b0                        __exidx_start = .
 *(.ARM.exidx*)
 .ARM.exidx     0x080054b0        0x8 C:/CubeCLT/STM32CubeCLT_1.18.0/GNU-tools-for-STM32/bin/../lib/gcc/arm-none-eabi/13.3.1/thumb/v7e-m+fp/hard\libgcc.a(_udivmoddi4.o)
 .ARM.exidx     0x080054b8        0x0 C:/CubeCLT/STM32CubeCLT_1.18.0/GNU-tools-for-STM32/bin/../lib/gcc/arm-none-eabi/13.3.1/../../../../arm-none-eabi/lib/thumb/v7e-m+fp/hard\libg_nano.a(libc_a-strcmp.o)
                                  0x8 (size before relaxing)
                0x080054b8                        __exidx_end = .
                0x080054b8                        . = ALIGN (0x4)

.preinit_array  0x080054b8        0x0
                0x080054b8                        . = ALIGN (0x4)
                0x080054b8                        PROVIDE (__preinit_array_start = .)
 *(.preinit_array*)
                0x080054b8                        PROVIDE (__preinit_array_end = .)
                0x080054b8                        . = ALIGN (0x4)

.init_array     0x080054b8        0x4
                0x080054b8                        . = ALIGN (0x4)
                0x080054b8                        PROVIDE (__init_array_start = .)
 *(SORT_BY_NAME(.init_array.*))
 *(.init_array*)
 .init_array    0x080054b8        0x4 C:/CubeCLT/STM32CubeCLT_1.18.0/GNU-tools-for-STM32/bin/../lib/gcc/arm-none-eabi/13.3.1/thumb/v7e-m+fp/hard/crtbegin.o
                0x080054bc                        PROVIDE (__init_array_end = .)
                0x080054bc                        . = ALIGN (0x4)

.fini_array     0x080054bc        0x4
                0x080054bc                        . = ALIGN (0x4)
                [!provide]                        PROVIDE (__fini_array_start = .)
 *(SORT_BY_NAME(.fini_array.*))
 *(.fini_array*)
 .fini_array    0x080054bc        0x4 C:/CubeCLT/STM32CubeCLT_1.18.0/GNU-tools-for-STM32/bin/../lib/gcc/arm-none-eabi/13.3.1/thumb/v7e-m+fp/hard/crtbegin.o
                [!provide]                        PROVIDE (__fini_array_end = .)
                0x080054c0                        . = ALIGN (0x4)
                0x080054c0                        _sidata = LOADADDR (.data)

.rel.dyn        0x080054c0        0x0
 .rel.iplt      0x080054c0        0x0 C:/CubeCLT/STM32CubeCLT_1.18.0/GNU-tools-for-STM32/bin/../lib/gcc/arm-none-eabi/13.3.1/thumb/v7e-m+fp/hard/crtbegin.o

.data           0x20000000        0xc load address 0x080054c0
                0x20000000                        . = ALIGN (0x4)
                0x20000000                        _sdata = .
 *(.data)
 *(.data*)
 .data.SystemCoreClock
                0x20000000        0x4 cmake/stm32cubemx/CMakeFiles/STM32_Drivers.dir/__/__/Core/Src/system_stm32f4xx.c.obj
                0x20000000                SystemCoreClock
 .data.uwTickPrio
                0x20000004        0x4 cmake/stm32cubemx/CMakeFiles/STM32_Drivers.dir/__/__/Drivers/STM32F4xx_HAL_Driver/Src/stm32f4xx_hal.c.obj
                0x20000004                uwTickPrio
 .data.uwTickFreq
                0x20000008        0x1 cmake/stm32cubemx/CMakeFiles/STM32_Drivers.dir/__/__/Drivers/STM32F4xx_HAL_Driver/Src/stm32f4xx_hal.c.obj
                0x20000008                uwTickFreq
 *(.RamFunc)
 *(.RamFunc*)
                0x2000000c                        . = ALIGN (0x4)
 *fill*         0x20000009        0x3 
                0x2000000c                        _edata = .
                0x080054cc                        _siccmram = LOADADDR (.ccmram)

.igot.plt       0x2000000c        0x0 load address 0x080054cc
 .igot.plt      0x2000000c        0x0 C:/CubeCLT/STM32CubeCLT_1.18.0/GNU-tools-for-STM32/bin/../lib/gcc/arm-none-eabi/13.3.1/thumb/v7e-m+fp/hard/crtbegin.o

.ccmram         0x10000000        0x0 load address 0x080054cc
                0x10000000                        . = ALIGN (0x4)
                0x10000000                        _sccmram = .
 *(.ccmram)
 *(.ccmram*)
                0x10000000                        . = ALIGN (0x4)
                0x10000000                        _eccmram = .
                0x10000000                        . = ALIGN (0x4)

.bss            0x2000000c     0x331c
                0x2000000c                        _sbss = .
                0x2000000c                        __bss_start__ = _sbss
 *(.bss)
 .bss           0x2000000c       0x1c C:/CubeCLT/STM32CubeCLT_1.18.0/GNU-tools-for-STM32/bin/../lib/gcc/arm-none-eabi/13.3.1/thumb/v7e-m+fp/hard/crtbegin.o
 *(.bss*)
 .bss.uwTick    0x20000028        0x4 cmake/stm32cubemx/CMakeFiles/STM32_Drivers.dir/__/__/Drivers/STM32F4xx_HAL_Driver/Src/stm32f4xx_hal.c.obj
                0x20000028                uwTick
 .bss.htim6     0x2000002c       0x48 CMakeFiles/BASIC.dir/Core/Src/tim.c.obj
                0x2000002c                htim6
 .bss.huart4    0x20000074       0x48 CMakeFiles/BASIC.dir/Core/Src/usart.c.obj
                0x20000074                huart4
 .bss.huart5    0x200000bc       0x48 CMakeFiles/BASIC.dir/Core/Src/usart.c.obj
                0x200000bc                huart5
 .bss.huart1    0x20000104       0x48 CMakeFiles/BASIC.dir/Core/Src/usart.c.obj
                0x20000104                huart1
 .bss.huart2    0x2000014c       0x48 CMakeFiles/BASIC.dir/Core/Src/usart.c.obj
                0x2000014c                huart2
 .bss.huart3    0x20000194       0x48 CMakeFiles/BASIC.dir/Core/Src/usart.c.obj
                0x20000194                huart3
 .bss.huart6    0x200001dc       0x48 CMakeFiles/BASIC.dir/Core/Src/usart.c.obj
                0x200001dc                huart6
 .bss.hdma_uart4_rx
                0x20000224       0x60 CMakeFiles/BASIC.dir/Core/Src/usart.c.obj
                0x20000224                hdma_uart4_rx
 .bss.hdma_uart4_tx
                0x20000284       0x60 CMakeFiles/BASIC.dir/Core/Src/usart.c.obj
                0x20000284                hdma_uart4_tx
 .bss.hdma_uart5_rx
                0x200002e4       0x60 CMakeFiles/BASIC.dir/Core/Src/usart.c.obj
                0x200002e4                hdma_uart5_rx
 .bss.hdma_uart5_tx
                0x20000344       0x60 CMakeFiles/BASIC.dir/Core/Src/usart.c.obj
                0x20000344                hdma_uart5_tx
 .bss.hdma_usart1_rx
                0x200003a4       0x60 CMakeFiles/BASIC.dir/Core/Src/usart.c.obj
                0x200003a4                hdma_usart1_rx
 .bss.hdma_usart1_tx
                0x20000404       0x60 CMakeFiles/BASIC.dir/Core/Src/usart.c.obj
                0x20000404                hdma_usart1_tx
 .bss.hdma_usart2_rx
                0x20000464       0x60 CMakeFiles/BASIC.dir/Core/Src/usart.c.obj
                0x20000464                hdma_usart2_rx
 .bss.hdma_usart2_tx
                0x200004c4       0x60 CMakeFiles/BASIC.dir/Core/Src/usart.c.obj
                0x200004c4                hdma_usart2_tx
 .bss.hdma_usart3_rx
                0x20000524       0x60 CMakeFiles/BASIC.dir/Core/Src/usart.c.obj
                0x20000524                hdma_usart3_rx
 .bss.hdma_usart3_tx
                0x20000584       0x60 CMakeFiles/BASIC.dir/Core/Src/usart.c.obj
                0x20000584                hdma_usart3_tx
 .bss.hdma_usart6_rx
                0x200005e4       0x60 CMakeFiles/BASIC.dir/Core/Src/usart.c.obj
                0x200005e4                hdma_usart6_rx
 .bss.hdma_usart6_tx
                0x20000644       0x60 CMakeFiles/BASIC.dir/Core/Src/usart.c.obj
                0x20000644                hdma_usart6_tx
 .bss.time      0x200006a4        0x4 CMakeFiles/BASIC.dir/sys/system.c.obj
                0x200006a4                time
 .bss.Time_100ms
                0x200006a8        0x2 CMakeFiles/BASIC.dir/sys/system.c.obj
                0x200006a8                Time_100ms
 .bss.Time_1s   0x200006aa        0x2 CMakeFiles/BASIC.dir/sys/system.c.obj
                0x200006aa                Time_1s
 .bss.OLED_Update_flag
                0x200006ac        0x1 CMakeFiles/BASIC.dir/sys/system.c.obj
                0x200006ac                OLED_Update_flag
 .bss.OLED_Update_time
                0x200006ad        0x1 CMakeFiles/BASIC.dir/sys/system.c.obj
                0x200006ad                OLED_Update_time
 *fill*         0x200006ae        0x2 
 .bss.OLED_DisplayBuf
                0x200006b0      0x400 CMakeFiles/BASIC.dir/hardware/OLED.c.obj
                0x200006b0                OLED_DisplayBuf
 .bss.RXdata    0x20000ab0      0x818 CMakeFiles/BASIC.dir/NVIC/UART_NVIC.c.obj
                0x20000ab0                RXdata
 .bss.RXdata_2  0x200012c8      0x818 CMakeFiles/BASIC.dir/NVIC/UART_NVIC.c.obj
                0x200012c8                RXdata_2
 .bss.RXdata_3  0x20001ae0      0x818 CMakeFiles/BASIC.dir/NVIC/UART_NVIC.c.obj
                0x20001ae0                RXdata_3
 .bss.RXdata_5  0x200022f8      0x818 CMakeFiles/BASIC.dir/NVIC/UART_NVIC.c.obj
                0x200022f8                RXdata_5
 .bss.RXdata_6  0x20002b10      0x818 CMakeFiles/BASIC.dir/NVIC/UART_NVIC.c.obj
                0x20002b10                RXdata_6
 *(COMMON)
                0x20003328                        . = ALIGN (0x4)
                0x20003328                        _ebss = .
                0x20003328                        __bss_end__ = _ebss

._user_heap_stack
                0x20003328      0x600
                0x20003328                        . = ALIGN (0x8)
                [!provide]                        PROVIDE (end = .)
                0x20003328                        PROVIDE (_end = .)
                0x20003528                        . = (. + _Min_Heap_Size)
 *fill*         0x20003328      0x200 
                0x20003928                        . = (. + _Min_Stack_Size)
 *fill*         0x20003528      0x400 
                0x20003928                        . = ALIGN (0x8)

/DISCARD/
 libc.a(*)
 libm.a(*)
 libgcc.a(*)
OUTPUT(BASIC.elf elf32-littlearm)
LOAD linker stubs
LOAD C:/CubeCLT/STM32CubeCLT_1.18.0/GNU-tools-for-STM32/bin/../lib/gcc/arm-none-eabi/13.3.1/../../../../arm-none-eabi/lib/thumb/v7e-m+fp/hard\libc.a
LOAD C:/CubeCLT/STM32CubeCLT_1.18.0/GNU-tools-for-STM32/bin/../lib/gcc/arm-none-eabi/13.3.1/../../../../arm-none-eabi/lib/thumb/v7e-m+fp/hard\libm.a
LOAD C:/CubeCLT/STM32CubeCLT_1.18.0/GNU-tools-for-STM32/bin/../lib/gcc/arm-none-eabi/13.3.1/thumb/v7e-m+fp/hard\libgcc.a

.ARM.attributes
                0x00000000       0x30
 .ARM.attributes
                0x00000000       0x22 C:/CubeCLT/STM32CubeCLT_1.18.0/GNU-tools-for-STM32/bin/../lib/gcc/arm-none-eabi/13.3.1/thumb/v7e-m+fp/hard/crti.o
 .ARM.attributes
                0x00000022       0x34 C:/CubeCLT/STM32CubeCLT_1.18.0/GNU-tools-for-STM32/bin/../lib/gcc/arm-none-eabi/13.3.1/thumb/v7e-m+fp/hard/crtbegin.o
 .ARM.attributes
                0x00000056       0x34 C:/CubeCLT/STM32CubeCLT_1.18.0/GNU-tools-for-STM32/bin/../lib/gcc/arm-none-eabi/13.3.1/../../../../arm-none-eabi/lib/thumb/v7e-m+fp/hard\libc_nano.a(libc_a-memset.o)
 .ARM.attributes
                0x0000008a       0x34 C:/CubeCLT/STM32CubeCLT_1.18.0/GNU-tools-for-STM32/bin/../lib/gcc/arm-none-eabi/13.3.1/../../../../arm-none-eabi/lib/thumb/v7e-m+fp/hard\libc_nano.a(libc_a-init.o)
 .ARM.attributes
                0x000000be       0x34 cmake/stm32cubemx/CMakeFiles/STM32_Drivers.dir/__/__/Core/Src/system_stm32f4xx.c.obj
 .ARM.attributes
                0x000000f2       0x34 cmake/stm32cubemx/CMakeFiles/STM32_Drivers.dir/__/__/Drivers/STM32F4xx_HAL_Driver/Src/stm32f4xx_hal_tim.c.obj
 .ARM.attributes
                0x00000126       0x34 cmake/stm32cubemx/CMakeFiles/STM32_Drivers.dir/__/__/Drivers/STM32F4xx_HAL_Driver/Src/stm32f4xx_hal_tim_ex.c.obj
 .ARM.attributes
                0x0000015a       0x34 cmake/stm32cubemx/CMakeFiles/STM32_Drivers.dir/__/__/Drivers/STM32F4xx_HAL_Driver/Src/stm32f4xx_hal_rcc.c.obj
 .ARM.attributes
                0x0000018e       0x34 cmake/stm32cubemx/CMakeFiles/STM32_Drivers.dir/__/__/Drivers/STM32F4xx_HAL_Driver/Src/stm32f4xx_hal_gpio.c.obj
 .ARM.attributes
                0x000001c2       0x34 cmake/stm32cubemx/CMakeFiles/STM32_Drivers.dir/__/__/Drivers/STM32F4xx_HAL_Driver/Src/stm32f4xx_hal_dma.c.obj
 .ARM.attributes
                0x000001f6       0x34 cmake/stm32cubemx/CMakeFiles/STM32_Drivers.dir/__/__/Drivers/STM32F4xx_HAL_Driver/Src/stm32f4xx_hal_cortex.c.obj
 .ARM.attributes
                0x0000022a       0x34 cmake/stm32cubemx/CMakeFiles/STM32_Drivers.dir/__/__/Drivers/STM32F4xx_HAL_Driver/Src/stm32f4xx_hal.c.obj
 .ARM.attributes
                0x0000025e       0x34 cmake/stm32cubemx/CMakeFiles/STM32_Drivers.dir/__/__/Drivers/STM32F4xx_HAL_Driver/Src/stm32f4xx_hal_uart.c.obj
 .ARM.attributes
                0x00000292       0x34 CMakeFiles/BASIC.dir/Core/Src/main.c.obj
 .ARM.attributes
                0x000002c6       0x34 CMakeFiles/BASIC.dir/Core/Src/gpio.c.obj
 .ARM.attributes
                0x000002fa       0x34 CMakeFiles/BASIC.dir/Core/Src/dma.c.obj
 .ARM.attributes
                0x0000032e       0x34 CMakeFiles/BASIC.dir/Core/Src/tim.c.obj
 .ARM.attributes
                0x00000362       0x34 CMakeFiles/BASIC.dir/Core/Src/usart.c.obj
 .ARM.attributes
                0x00000396       0x34 CMakeFiles/BASIC.dir/Core/Src/stm32f4xx_it.c.obj
 .ARM.attributes
                0x000003ca       0x34 CMakeFiles/BASIC.dir/Core/Src/stm32f4xx_hal_msp.c.obj
 .ARM.attributes
                0x000003fe       0x21 CMakeFiles/BASIC.dir/startup_stm32f407xx.s.obj
 .ARM.attributes
                0x0000041f       0x34 CMakeFiles/BASIC.dir/sys/system.c.obj
 .ARM.attributes
                0x00000453       0x34 CMakeFiles/BASIC.dir/sys/delay.c.obj
 .ARM.attributes
                0x00000487       0x34 CMakeFiles/BASIC.dir/hardware/OLED.c.obj
 .ARM.attributes
                0x000004bb       0x34 CMakeFiles/BASIC.dir/hardware/OLED_Data.c.obj
 .ARM.attributes
                0x000004ef       0x34 CMakeFiles/BASIC.dir/NVIC/timer.c.obj
 .ARM.attributes
                0x00000523       0x34 CMakeFiles/BASIC.dir/NVIC/UART_NVIC.c.obj
 .ARM.attributes
                0x00000557       0x34 CMakeFiles/BASIC.dir/NVIC/uart_execute.c.obj
 .ARM.attributes
                0x0000058b       0x22 C:/CubeCLT/STM32CubeCLT_1.18.0/GNU-tools-for-STM32/bin/../lib/gcc/arm-none-eabi/13.3.1/thumb/v7e-m+fp/hard\libgcc.a(_aeabi_uldivmod.o)
 .ARM.attributes
                0x000005ad       0x34 C:/CubeCLT/STM32CubeCLT_1.18.0/GNU-tools-for-STM32/bin/../lib/gcc/arm-none-eabi/13.3.1/thumb/v7e-m+fp/hard\libgcc.a(_udivmoddi4.o)
 .ARM.attributes
                0x000005e1       0x22 C:/CubeCLT/STM32CubeCLT_1.18.0/GNU-tools-for-STM32/bin/../lib/gcc/arm-none-eabi/13.3.1/thumb/v7e-m+fp/hard\libgcc.a(_dvmd_tls.o)
 .ARM.attributes
                0x00000603       0x20 C:/CubeCLT/STM32CubeCLT_1.18.0/GNU-tools-for-STM32/bin/../lib/gcc/arm-none-eabi/13.3.1/../../../../arm-none-eabi/lib/thumb/v7e-m+fp/hard\libg_nano.a(libc_a-strcmp.o)
 .ARM.attributes
                0x00000623       0x22 C:/CubeCLT/STM32CubeCLT_1.18.0/GNU-tools-for-STM32/bin/../lib/gcc/arm-none-eabi/13.3.1/thumb/v7e-m+fp/hard/crtn.o

.comment        0x00000000       0x43
 .comment       0x00000000       0x43 cmake/stm32cubemx/CMakeFiles/STM32_Drivers.dir/__/__/Core/Src/system_stm32f4xx.c.obj
                                 0x44 (size before relaxing)
 .comment       0x00000043       0x44 cmake/stm32cubemx/CMakeFiles/STM32_Drivers.dir/__/__/Drivers/STM32F4xx_HAL_Driver/Src/stm32f4xx_hal_tim.c.obj
 .comment       0x00000043       0x44 cmake/stm32cubemx/CMakeFiles/STM32_Drivers.dir/__/__/Drivers/STM32F4xx_HAL_Driver/Src/stm32f4xx_hal_tim_ex.c.obj
 .comment       0x00000043       0x44 cmake/stm32cubemx/CMakeFiles/STM32_Drivers.dir/__/__/Drivers/STM32F4xx_HAL_Driver/Src/stm32f4xx_hal_rcc.c.obj
 .comment       0x00000043       0x44 cmake/stm32cubemx/CMakeFiles/STM32_Drivers.dir/__/__/Drivers/STM32F4xx_HAL_Driver/Src/stm32f4xx_hal_gpio.c.obj
 .comment       0x00000043       0x44 cmake/stm32cubemx/CMakeFiles/STM32_Drivers.dir/__/__/Drivers/STM32F4xx_HAL_Driver/Src/stm32f4xx_hal_dma.c.obj
 .comment       0x00000043       0x44 cmake/stm32cubemx/CMakeFiles/STM32_Drivers.dir/__/__/Drivers/STM32F4xx_HAL_Driver/Src/stm32f4xx_hal_cortex.c.obj
 .comment       0x00000043       0x44 cmake/stm32cubemx/CMakeFiles/STM32_Drivers.dir/__/__/Drivers/STM32F4xx_HAL_Driver/Src/stm32f4xx_hal.c.obj
 .comment       0x00000043       0x44 cmake/stm32cubemx/CMakeFiles/STM32_Drivers.dir/__/__/Drivers/STM32F4xx_HAL_Driver/Src/stm32f4xx_hal_uart.c.obj
 .comment       0x00000043       0x44 CMakeFiles/BASIC.dir/Core/Src/main.c.obj
 .comment       0x00000043       0x44 CMakeFiles/BASIC.dir/Core/Src/gpio.c.obj
 .comment       0x00000043       0x44 CMakeFiles/BASIC.dir/Core/Src/dma.c.obj
 .comment       0x00000043       0x44 CMakeFiles/BASIC.dir/Core/Src/tim.c.obj
 .comment       0x00000043       0x44 CMakeFiles/BASIC.dir/Core/Src/usart.c.obj
 .comment       0x00000043       0x44 CMakeFiles/BASIC.dir/Core/Src/stm32f4xx_it.c.obj
 .comment       0x00000043       0x44 CMakeFiles/BASIC.dir/Core/Src/stm32f4xx_hal_msp.c.obj
 .comment       0x00000043       0x44 CMakeFiles/BASIC.dir/sys/system.c.obj
 .comment       0x00000043       0x44 CMakeFiles/BASIC.dir/sys/delay.c.obj
 .comment       0x00000043       0x44 CMakeFiles/BASIC.dir/hardware/OLED.c.obj
 .comment       0x00000043       0x44 CMakeFiles/BASIC.dir/hardware/OLED_Data.c.obj
 .comment       0x00000043       0x44 CMakeFiles/BASIC.dir/NVIC/timer.c.obj
 .comment       0x00000043       0x44 CMakeFiles/BASIC.dir/NVIC/UART_NVIC.c.obj
 .comment       0x00000043       0x44 CMakeFiles/BASIC.dir/NVIC/uart_execute.c.obj

.debug_frame    0x00000000     0x3e54
 .debug_frame   0x00000000       0x20 C:/CubeCLT/STM32CubeCLT_1.18.0/GNU-tools-for-STM32/bin/../lib/gcc/arm-none-eabi/13.3.1/../../../../arm-none-eabi/lib/thumb/v7e-m+fp/hard\libc_nano.a(libc_a-memset.o)
 .debug_frame   0x00000020       0x2c C:/CubeCLT/STM32CubeCLT_1.18.0/GNU-tools-for-STM32/bin/../lib/gcc/arm-none-eabi/13.3.1/../../../../arm-none-eabi/lib/thumb/v7e-m+fp/hard\libc_nano.a(libc_a-init.o)
 .debug_frame   0x0000004c       0x58 cmake/stm32cubemx/CMakeFiles/STM32_Drivers.dir/__/__/Core/Src/system_stm32f4xx.c.obj
 .debug_frame   0x000000a4     0x11c0 cmake/stm32cubemx/CMakeFiles/STM32_Drivers.dir/__/__/Drivers/STM32F4xx_HAL_Driver/Src/stm32f4xx_hal_tim.c.obj
 .debug_frame   0x00001264      0x638 cmake/stm32cubemx/CMakeFiles/STM32_Drivers.dir/__/__/Drivers/STM32F4xx_HAL_Driver/Src/stm32f4xx_hal_tim_ex.c.obj
 .debug_frame   0x0000189c      0x1f4 cmake/stm32cubemx/CMakeFiles/STM32_Drivers.dir/__/__/Drivers/STM32F4xx_HAL_Driver/Src/stm32f4xx_hal_rcc.c.obj
 .debug_frame   0x00001a90      0x14c cmake/stm32cubemx/CMakeFiles/STM32_Drivers.dir/__/__/Drivers/STM32F4xx_HAL_Driver/Src/stm32f4xx_hal_gpio.c.obj
 .debug_frame   0x00001bdc      0x250 cmake/stm32cubemx/CMakeFiles/STM32_Drivers.dir/__/__/Drivers/STM32F4xx_HAL_Driver/Src/stm32f4xx_hal_dma.c.obj
 .debug_frame   0x00001e2c      0x508 cmake/stm32cubemx/CMakeFiles/STM32_Drivers.dir/__/__/Drivers/STM32F4xx_HAL_Driver/Src/stm32f4xx_hal_cortex.c.obj
 .debug_frame   0x00002334      0x374 cmake/stm32cubemx/CMakeFiles/STM32_Drivers.dir/__/__/Drivers/STM32F4xx_HAL_Driver/Src/stm32f4xx_hal.c.obj
 .debug_frame   0x000026a8      0x954 cmake/stm32cubemx/CMakeFiles/STM32_Drivers.dir/__/__/Drivers/STM32F4xx_HAL_Driver/Src/stm32f4xx_hal_uart.c.obj
 .debug_frame   0x00002ffc       0x68 CMakeFiles/BASIC.dir/Core/Src/main.c.obj
 .debug_frame   0x00003064       0x34 CMakeFiles/BASIC.dir/Core/Src/gpio.c.obj
 .debug_frame   0x00003098       0x34 CMakeFiles/BASIC.dir/Core/Src/dma.c.obj
 .debug_frame   0x000030cc       0x7c CMakeFiles/BASIC.dir/Core/Src/tim.c.obj
 .debug_frame   0x00003148      0x104 CMakeFiles/BASIC.dir/Core/Src/usart.c.obj
 .debug_frame   0x0000324c      0x318 CMakeFiles/BASIC.dir/Core/Src/stm32f4xx_it.c.obj
 .debug_frame   0x00003564       0x38 CMakeFiles/BASIC.dir/Core/Src/stm32f4xx_hal_msp.c.obj
 .debug_frame   0x0000359c       0x88 CMakeFiles/BASIC.dir/sys/system.c.obj
 .debug_frame   0x00003624       0x7c CMakeFiles/BASIC.dir/sys/delay.c.obj
 .debug_frame   0x000036a0      0x590 CMakeFiles/BASIC.dir/hardware/OLED.c.obj
 .debug_frame   0x00003c30       0x54 CMakeFiles/BASIC.dir/NVIC/timer.c.obj
 .debug_frame   0x00003c84       0xfc CMakeFiles/BASIC.dir/NVIC/UART_NVIC.c.obj
 .debug_frame   0x00003d80       0x54 CMakeFiles/BASIC.dir/NVIC/uart_execute.c.obj
 .debug_frame   0x00003dd4       0x2c C:/CubeCLT/STM32CubeCLT_1.18.0/GNU-tools-for-STM32/bin/../lib/gcc/arm-none-eabi/13.3.1/thumb/v7e-m+fp/hard\libgcc.a(_aeabi_uldivmod.o)
 .debug_frame   0x00003e00       0x34 C:/CubeCLT/STM32CubeCLT_1.18.0/GNU-tools-for-STM32/bin/../lib/gcc/arm-none-eabi/13.3.1/thumb/v7e-m+fp/hard\libgcc.a(_udivmoddi4.o)
 .debug_frame   0x00003e34       0x20 C:/CubeCLT/STM32CubeCLT_1.18.0/GNU-tools-for-STM32/bin/../lib/gcc/arm-none-eabi/13.3.1/../../../../arm-none-eabi/lib/thumb/v7e-m+fp/hard\libg_nano.a(libc_a-strcmp.o)

.debug_info     0x00000000    0x110af
 .debug_info    0x00000000      0x512 cmake/stm32cubemx/CMakeFiles/STM32_Drivers.dir/__/__/Core/Src/system_stm32f4xx.c.obj
 .debug_info    0x00000512     0x299d cmake/stm32cubemx/CMakeFiles/STM32_Drivers.dir/__/__/Drivers/STM32F4xx_HAL_Driver/Src/stm32f4xx_hal_tim.c.obj
 .debug_info    0x00002eaf     0x14db cmake/stm32cubemx/CMakeFiles/STM32_Drivers.dir/__/__/Drivers/STM32F4xx_HAL_Driver/Src/stm32f4xx_hal_tim_ex.c.obj
 .debug_info    0x0000438a      0x8c3 cmake/stm32cubemx/CMakeFiles/STM32_Drivers.dir/__/__/Drivers/STM32F4xx_HAL_Driver/Src/stm32f4xx_hal_rcc.c.obj
 .debug_info    0x00004c4d      0x6c3 cmake/stm32cubemx/CMakeFiles/STM32_Drivers.dir/__/__/Drivers/STM32F4xx_HAL_Driver/Src/stm32f4xx_hal_gpio.c.obj
 .debug_info    0x00005310      0x8e7 cmake/stm32cubemx/CMakeFiles/STM32_Drivers.dir/__/__/Drivers/STM32F4xx_HAL_Driver/Src/stm32f4xx_hal_dma.c.obj
 .debug_info    0x00005bf7      0xd8c cmake/stm32cubemx/CMakeFiles/STM32_Drivers.dir/__/__/Drivers/STM32F4xx_HAL_Driver/Src/stm32f4xx_hal_cortex.c.obj
 .debug_info    0x00006983      0x944 cmake/stm32cubemx/CMakeFiles/STM32_Drivers.dir/__/__/Drivers/STM32F4xx_HAL_Driver/Src/stm32f4xx_hal.c.obj
 .debug_info    0x000072c7     0x2f4f cmake/stm32cubemx/CMakeFiles/STM32_Drivers.dir/__/__/Drivers/STM32F4xx_HAL_Driver/Src/stm32f4xx_hal_uart.c.obj
 .debug_info    0x0000a216      0x54e CMakeFiles/BASIC.dir/Core/Src/main.c.obj
 .debug_info    0x0000a764      0x425 CMakeFiles/BASIC.dir/Core/Src/gpio.c.obj
 .debug_info    0x0000ab89      0x4c6 CMakeFiles/BASIC.dir/Core/Src/dma.c.obj
 .debug_info    0x0000b04f      0xb87 CMakeFiles/BASIC.dir/Core/Src/tim.c.obj
 .debug_info    0x0000bbd6      0xe71 CMakeFiles/BASIC.dir/Core/Src/usart.c.obj
 .debug_info    0x0000ca47      0xb7b CMakeFiles/BASIC.dir/Core/Src/stm32f4xx_it.c.obj
 .debug_info    0x0000d5c2      0x269 CMakeFiles/BASIC.dir/Core/Src/stm32f4xx_hal_msp.c.obj
 .debug_info    0x0000d82b       0x30 CMakeFiles/BASIC.dir/startup_stm32f407xx.s.obj
 .debug_info    0x0000d85b      0x95e CMakeFiles/BASIC.dir/sys/system.c.obj
 .debug_info    0x0000e1b9      0x14d CMakeFiles/BASIC.dir/sys/delay.c.obj
 .debug_info    0x0000e306     0x1120 CMakeFiles/BASIC.dir/hardware/OLED.c.obj
 .debug_info    0x0000f426      0x211 CMakeFiles/BASIC.dir/hardware/OLED_Data.c.obj
 .debug_info    0x0000f637      0x726 CMakeFiles/BASIC.dir/NVIC/timer.c.obj
 .debug_info    0x0000fd5d      0xc0f CMakeFiles/BASIC.dir/NVIC/UART_NVIC.c.obj
 .debug_info    0x0001096c      0x712 CMakeFiles/BASIC.dir/NVIC/uart_execute.c.obj
 .debug_info    0x0001107e       0x31 C:/CubeCLT/STM32CubeCLT_1.18.0/GNU-tools-for-STM32/bin/../lib/gcc/arm-none-eabi/13.3.1/../../../../arm-none-eabi/lib/thumb/v7e-m+fp/hard\libg_nano.a(libc_a-strcmp.o)

.debug_abbrev   0x00000000     0x2d48
 .debug_abbrev  0x00000000      0x11a cmake/stm32cubemx/CMakeFiles/STM32_Drivers.dir/__/__/Core/Src/system_stm32f4xx.c.obj
 .debug_abbrev  0x0000011a      0x278 cmake/stm32cubemx/CMakeFiles/STM32_Drivers.dir/__/__/Drivers/STM32F4xx_HAL_Driver/Src/stm32f4xx_hal_tim.c.obj
 .debug_abbrev  0x00000392      0x283 cmake/stm32cubemx/CMakeFiles/STM32_Drivers.dir/__/__/Drivers/STM32F4xx_HAL_Driver/Src/stm32f4xx_hal_tim_ex.c.obj
 .debug_abbrev  0x00000615      0x2b7 cmake/stm32cubemx/CMakeFiles/STM32_Drivers.dir/__/__/Drivers/STM32F4xx_HAL_Driver/Src/stm32f4xx_hal_rcc.c.obj
 .debug_abbrev  0x000008cc      0x1d4 cmake/stm32cubemx/CMakeFiles/STM32_Drivers.dir/__/__/Drivers/STM32F4xx_HAL_Driver/Src/stm32f4xx_hal_gpio.c.obj
 .debug_abbrev  0x00000aa0      0x264 cmake/stm32cubemx/CMakeFiles/STM32_Drivers.dir/__/__/Drivers/STM32F4xx_HAL_Driver/Src/stm32f4xx_hal_dma.c.obj
 .debug_abbrev  0x00000d04      0x31d cmake/stm32cubemx/CMakeFiles/STM32_Drivers.dir/__/__/Drivers/STM32F4xx_HAL_Driver/Src/stm32f4xx_hal_cortex.c.obj
 .debug_abbrev  0x00001021      0x214 cmake/stm32cubemx/CMakeFiles/STM32_Drivers.dir/__/__/Drivers/STM32F4xx_HAL_Driver/Src/stm32f4xx_hal.c.obj
 .debug_abbrev  0x00001235      0x30e cmake/stm32cubemx/CMakeFiles/STM32_Drivers.dir/__/__/Drivers/STM32F4xx_HAL_Driver/Src/stm32f4xx_hal_uart.c.obj
 .debug_abbrev  0x00001543      0x1f3 CMakeFiles/BASIC.dir/Core/Src/main.c.obj
 .debug_abbrev  0x00001736      0x152 CMakeFiles/BASIC.dir/Core/Src/gpio.c.obj
 .debug_abbrev  0x00001888      0x11b CMakeFiles/BASIC.dir/Core/Src/dma.c.obj
 .debug_abbrev  0x000019a3      0x1f7 CMakeFiles/BASIC.dir/Core/Src/tim.c.obj
 .debug_abbrev  0x00001b9a      0x270 CMakeFiles/BASIC.dir/Core/Src/usart.c.obj
 .debug_abbrev  0x00001e0a      0x1b6 CMakeFiles/BASIC.dir/Core/Src/stm32f4xx_it.c.obj
 .debug_abbrev  0x00001fc0       0xd8 CMakeFiles/BASIC.dir/Core/Src/stm32f4xx_hal_msp.c.obj
 .debug_abbrev  0x00002098       0x24 CMakeFiles/BASIC.dir/startup_stm32f407xx.s.obj
 .debug_abbrev  0x000020bc      0x22a CMakeFiles/BASIC.dir/sys/system.c.obj
 .debug_abbrev  0x000022e6       0xda CMakeFiles/BASIC.dir/sys/delay.c.obj
 .debug_abbrev  0x000023c0      0x2c6 CMakeFiles/BASIC.dir/hardware/OLED.c.obj
 .debug_abbrev  0x00002686       0xaf CMakeFiles/BASIC.dir/hardware/OLED_Data.c.obj
 .debug_abbrev  0x00002735      0x190 CMakeFiles/BASIC.dir/NVIC/timer.c.obj
 .debug_abbrev  0x000028c5      0x293 CMakeFiles/BASIC.dir/NVIC/UART_NVIC.c.obj
 .debug_abbrev  0x00002b58      0x1c8 CMakeFiles/BASIC.dir/NVIC/uart_execute.c.obj
 .debug_abbrev  0x00002d20       0x28 C:/CubeCLT/STM32CubeCLT_1.18.0/GNU-tools-for-STM32/bin/../lib/gcc/arm-none-eabi/13.3.1/../../../../arm-none-eabi/lib/thumb/v7e-m+fp/hard\libg_nano.a(libc_a-strcmp.o)

.debug_aranges  0x00000000      0xfa0
 .debug_aranges
                0x00000000       0x28 cmake/stm32cubemx/CMakeFiles/STM32_Drivers.dir/__/__/Core/Src/system_stm32f4xx.c.obj
 .debug_aranges
                0x00000028      0x3d0 cmake/stm32cubemx/CMakeFiles/STM32_Drivers.dir/__/__/Drivers/STM32F4xx_HAL_Driver/Src/stm32f4xx_hal_tim.c.obj
 .debug_aranges
                0x000003f8      0x168 cmake/stm32cubemx/CMakeFiles/STM32_Drivers.dir/__/__/Drivers/STM32F4xx_HAL_Driver/Src/stm32f4xx_hal_tim_ex.c.obj
 .debug_aranges
                0x00000560       0x88 cmake/stm32cubemx/CMakeFiles/STM32_Drivers.dir/__/__/Drivers/STM32F4xx_HAL_Driver/Src/stm32f4xx_hal_rcc.c.obj
 .debug_aranges
                0x000005e8       0x58 cmake/stm32cubemx/CMakeFiles/STM32_Drivers.dir/__/__/Drivers/STM32F4xx_HAL_Driver/Src/stm32f4xx_hal_gpio.c.obj
 .debug_aranges
                0x00000640       0x90 cmake/stm32cubemx/CMakeFiles/STM32_Drivers.dir/__/__/Drivers/STM32F4xx_HAL_Driver/Src/stm32f4xx_hal_dma.c.obj
 .debug_aranges
                0x000006d0      0x130 cmake/stm32cubemx/CMakeFiles/STM32_Drivers.dir/__/__/Drivers/STM32F4xx_HAL_Driver/Src/stm32f4xx_hal_cortex.c.obj
 .debug_aranges
                0x00000800       0xf0 cmake/stm32cubemx/CMakeFiles/STM32_Drivers.dir/__/__/Drivers/STM32F4xx_HAL_Driver/Src/stm32f4xx_hal.c.obj
 .debug_aranges
                0x000008f0      0x208 cmake/stm32cubemx/CMakeFiles/STM32_Drivers.dir/__/__/Drivers/STM32F4xx_HAL_Driver/Src/stm32f4xx_hal_uart.c.obj
 .debug_aranges
                0x00000af8       0x30 CMakeFiles/BASIC.dir/Core/Src/main.c.obj
 .debug_aranges
                0x00000b28       0x20 CMakeFiles/BASIC.dir/Core/Src/gpio.c.obj
 .debug_aranges
                0x00000b48       0x20 CMakeFiles/BASIC.dir/Core/Src/dma.c.obj
 .debug_aranges
                0x00000b68       0x30 CMakeFiles/BASIC.dir/Core/Src/tim.c.obj
 .debug_aranges
                0x00000b98       0x58 CMakeFiles/BASIC.dir/Core/Src/usart.c.obj
 .debug_aranges
                0x00000bf0       0xf8 CMakeFiles/BASIC.dir/Core/Src/stm32f4xx_it.c.obj
 .debug_aranges
                0x00000ce8       0x20 CMakeFiles/BASIC.dir/Core/Src/stm32f4xx_hal_msp.c.obj
 .debug_aranges
                0x00000d08       0x28 CMakeFiles/BASIC.dir/startup_stm32f407xx.s.obj
 .debug_aranges
                0x00000d30       0x30 CMakeFiles/BASIC.dir/sys/system.c.obj
 .debug_aranges
                0x00000d60       0x30 CMakeFiles/BASIC.dir/sys/delay.c.obj
 .debug_aranges
                0x00000d90      0x138 CMakeFiles/BASIC.dir/hardware/OLED.c.obj
 .debug_aranges
                0x00000ec8       0x18 CMakeFiles/BASIC.dir/hardware/OLED_Data.c.obj
 .debug_aranges
                0x00000ee0       0x28 CMakeFiles/BASIC.dir/NVIC/timer.c.obj
 .debug_aranges
                0x00000f08       0x50 CMakeFiles/BASIC.dir/NVIC/UART_NVIC.c.obj
 .debug_aranges
                0x00000f58       0x28 CMakeFiles/BASIC.dir/NVIC/uart_execute.c.obj
 .debug_aranges
                0x00000f80       0x20 C:/CubeCLT/STM32CubeCLT_1.18.0/GNU-tools-for-STM32/bin/../lib/gcc/arm-none-eabi/13.3.1/../../../../arm-none-eabi/lib/thumb/v7e-m+fp/hard\libg_nano.a(libc_a-strcmp.o)

.debug_rnglists
                0x00000000      0xbe9
 .debug_rnglists
                0x00000000       0x1a cmake/stm32cubemx/CMakeFiles/STM32_Drivers.dir/__/__/Core/Src/system_stm32f4xx.c.obj
 .debug_rnglists
                0x0000001a      0x31a cmake/stm32cubemx/CMakeFiles/STM32_Drivers.dir/__/__/Drivers/STM32F4xx_HAL_Driver/Src/stm32f4xx_hal_tim.c.obj
 .debug_rnglists
                0x00000334      0x125 cmake/stm32cubemx/CMakeFiles/STM32_Drivers.dir/__/__/Drivers/STM32F4xx_HAL_Driver/Src/stm32f4xx_hal_tim_ex.c.obj
 .debug_rnglists
                0x00000459       0x66 cmake/stm32cubemx/CMakeFiles/STM32_Drivers.dir/__/__/Drivers/STM32F4xx_HAL_Driver/Src/stm32f4xx_hal_rcc.c.obj
 .debug_rnglists
                0x000004bf       0x3f cmake/stm32cubemx/CMakeFiles/STM32_Drivers.dir/__/__/Drivers/STM32F4xx_HAL_Driver/Src/stm32f4xx_hal_gpio.c.obj
 .debug_rnglists
                0x000004fe       0x70 cmake/stm32cubemx/CMakeFiles/STM32_Drivers.dir/__/__/Drivers/STM32F4xx_HAL_Driver/Src/stm32f4xx_hal_dma.c.obj
 .debug_rnglists
                0x0000056e       0xe0 cmake/stm32cubemx/CMakeFiles/STM32_Drivers.dir/__/__/Drivers/STM32F4xx_HAL_Driver/Src/stm32f4xx_hal_cortex.c.obj
 .debug_rnglists
                0x0000064e       0xaf cmake/stm32cubemx/CMakeFiles/STM32_Drivers.dir/__/__/Drivers/STM32F4xx_HAL_Driver/Src/stm32f4xx_hal.c.obj
 .debug_rnglists
                0x000006fd      0x1bc cmake/stm32cubemx/CMakeFiles/STM32_Drivers.dir/__/__/Drivers/STM32F4xx_HAL_Driver/Src/stm32f4xx_hal_uart.c.obj
 .debug_rnglists
                0x000008b9       0x20 CMakeFiles/BASIC.dir/Core/Src/main.c.obj
 .debug_rnglists
                0x000008d9       0x14 CMakeFiles/BASIC.dir/Core/Src/gpio.c.obj
 .debug_rnglists
                0x000008ed       0x14 CMakeFiles/BASIC.dir/Core/Src/dma.c.obj
 .debug_rnglists
                0x00000901       0x1f CMakeFiles/BASIC.dir/Core/Src/tim.c.obj
 .debug_rnglists
                0x00000920       0x3f CMakeFiles/BASIC.dir/Core/Src/usart.c.obj
 .debug_rnglists
                0x0000095f       0xb5 CMakeFiles/BASIC.dir/Core/Src/stm32f4xx_it.c.obj
 .debug_rnglists
                0x00000a14       0x13 CMakeFiles/BASIC.dir/Core/Src/stm32f4xx_hal_msp.c.obj
 .debug_rnglists
                0x00000a27       0x19 CMakeFiles/BASIC.dir/startup_stm32f407xx.s.obj
 .debug_rnglists
                0x00000a40       0x1f CMakeFiles/BASIC.dir/sys/system.c.obj
 .debug_rnglists
                0x00000a5f       0x1f CMakeFiles/BASIC.dir/sys/delay.c.obj
 .debug_rnglists
                0x00000a7e       0xfa CMakeFiles/BASIC.dir/hardware/OLED.c.obj
 .debug_rnglists
                0x00000b78       0x1a CMakeFiles/BASIC.dir/NVIC/timer.c.obj
 .debug_rnglists
                0x00000b92       0x3c CMakeFiles/BASIC.dir/NVIC/UART_NVIC.c.obj
 .debug_rnglists
                0x00000bce       0x1b CMakeFiles/BASIC.dir/NVIC/uart_execute.c.obj

.debug_macro    0x00000000    0x2328f
 .debug_macro   0x00000000      0x1ce cmake/stm32cubemx/CMakeFiles/STM32_Drivers.dir/__/__/Core/Src/system_stm32f4xx.c.obj
 .debug_macro   0x000001ce      0xad8 cmake/stm32cubemx/CMakeFiles/STM32_Drivers.dir/__/__/Core/Src/system_stm32f4xx.c.obj
 .debug_macro   0x00000ca6       0x2e cmake/stm32cubemx/CMakeFiles/STM32_Drivers.dir/__/__/Core/Src/system_stm32f4xx.c.obj
 .debug_macro   0x00000cd4       0x2f cmake/stm32cubemx/CMakeFiles/STM32_Drivers.dir/__/__/Core/Src/system_stm32f4xx.c.obj
 .debug_macro   0x00000d03       0x22 cmake/stm32cubemx/CMakeFiles/STM32_Drivers.dir/__/__/Core/Src/system_stm32f4xx.c.obj
 .debug_macro   0x00000d25       0x8e cmake/stm32cubemx/CMakeFiles/STM32_Drivers.dir/__/__/Core/Src/system_stm32f4xx.c.obj
 .debug_macro   0x00000db3       0x51 cmake/stm32cubemx/CMakeFiles/STM32_Drivers.dir/__/__/Core/Src/system_stm32f4xx.c.obj
 .debug_macro   0x00000e04      0x103 cmake/stm32cubemx/CMakeFiles/STM32_Drivers.dir/__/__/Core/Src/system_stm32f4xx.c.obj
 .debug_macro   0x00000f07       0x6a cmake/stm32cubemx/CMakeFiles/STM32_Drivers.dir/__/__/Core/Src/system_stm32f4xx.c.obj
 .debug_macro   0x00000f71      0x1df cmake/stm32cubemx/CMakeFiles/STM32_Drivers.dir/__/__/Core/Src/system_stm32f4xx.c.obj
 .debug_macro   0x00001150       0x1c cmake/stm32cubemx/CMakeFiles/STM32_Drivers.dir/__/__/Core/Src/system_stm32f4xx.c.obj
 .debug_macro   0x0000116c       0x22 cmake/stm32cubemx/CMakeFiles/STM32_Drivers.dir/__/__/Core/Src/system_stm32f4xx.c.obj
 .debug_macro   0x0000118e       0xfb cmake/stm32cubemx/CMakeFiles/STM32_Drivers.dir/__/__/Core/Src/system_stm32f4xx.c.obj
 .debug_macro   0x00001289     0x1011 cmake/stm32cubemx/CMakeFiles/STM32_Drivers.dir/__/__/Core/Src/system_stm32f4xx.c.obj
 .debug_macro   0x0000229a      0x11f cmake/stm32cubemx/CMakeFiles/STM32_Drivers.dir/__/__/Core/Src/system_stm32f4xx.c.obj
 .debug_macro   0x000023b9    0x15ea5 cmake/stm32cubemx/CMakeFiles/STM32_Drivers.dir/__/__/Core/Src/system_stm32f4xx.c.obj
 .debug_macro   0x0001825e       0x6d cmake/stm32cubemx/CMakeFiles/STM32_Drivers.dir/__/__/Core/Src/system_stm32f4xx.c.obj
 .debug_macro   0x000182cb      0x29b cmake/stm32cubemx/CMakeFiles/STM32_Drivers.dir/__/__/Core/Src/system_stm32f4xx.c.obj
 .debug_macro   0x00018566     0x3693 cmake/stm32cubemx/CMakeFiles/STM32_Drivers.dir/__/__/Core/Src/system_stm32f4xx.c.obj
 .debug_macro   0x0001bbf9      0x190 cmake/stm32cubemx/CMakeFiles/STM32_Drivers.dir/__/__/Core/Src/system_stm32f4xx.c.obj
 .debug_macro   0x0001bd89       0x5c cmake/stm32cubemx/CMakeFiles/STM32_Drivers.dir/__/__/Core/Src/system_stm32f4xx.c.obj
 .debug_macro   0x0001bde5      0x980 cmake/stm32cubemx/CMakeFiles/STM32_Drivers.dir/__/__/Core/Src/system_stm32f4xx.c.obj
 .debug_macro   0x0001c765      0x9e9 cmake/stm32cubemx/CMakeFiles/STM32_Drivers.dir/__/__/Core/Src/system_stm32f4xx.c.obj
 .debug_macro   0x0001d14e      0x115 cmake/stm32cubemx/CMakeFiles/STM32_Drivers.dir/__/__/Core/Src/system_stm32f4xx.c.obj
 .debug_macro   0x0001d263      0x13e cmake/stm32cubemx/CMakeFiles/STM32_Drivers.dir/__/__/Core/Src/system_stm32f4xx.c.obj
 .debug_macro   0x0001d3a1       0xa5 cmake/stm32cubemx/CMakeFiles/STM32_Drivers.dir/__/__/Core/Src/system_stm32f4xx.c.obj
 .debug_macro   0x0001d446      0x174 cmake/stm32cubemx/CMakeFiles/STM32_Drivers.dir/__/__/Core/Src/system_stm32f4xx.c.obj
 .debug_macro   0x0001d5ba      0x287 cmake/stm32cubemx/CMakeFiles/STM32_Drivers.dir/__/__/Core/Src/system_stm32f4xx.c.obj
 .debug_macro   0x0001d841       0x5f cmake/stm32cubemx/CMakeFiles/STM32_Drivers.dir/__/__/Core/Src/system_stm32f4xx.c.obj
 .debug_macro   0x0001d8a0      0x236 cmake/stm32cubemx/CMakeFiles/STM32_Drivers.dir/__/__/Core/Src/system_stm32f4xx.c.obj
 .debug_macro   0x0001dad6      0x12c cmake/stm32cubemx/CMakeFiles/STM32_Drivers.dir/__/__/Core/Src/system_stm32f4xx.c.obj
 .debug_macro   0x0001dc02      0x21e cmake/stm32cubemx/CMakeFiles/STM32_Drivers.dir/__/__/Core/Src/system_stm32f4xx.c.obj
 .debug_macro   0x0001de20       0x2e cmake/stm32cubemx/CMakeFiles/STM32_Drivers.dir/__/__/Core/Src/system_stm32f4xx.c.obj
 .debug_macro   0x0001de4e      0x127 cmake/stm32cubemx/CMakeFiles/STM32_Drivers.dir/__/__/Core/Src/system_stm32f4xx.c.obj
 .debug_macro   0x0001df75       0x7e cmake/stm32cubemx/CMakeFiles/STM32_Drivers.dir/__/__/Core/Src/system_stm32f4xx.c.obj
 .debug_macro   0x0001dff3       0x89 cmake/stm32cubemx/CMakeFiles/STM32_Drivers.dir/__/__/Core/Src/system_stm32f4xx.c.obj
 .debug_macro   0x0001e07c      0x8ed cmake/stm32cubemx/CMakeFiles/STM32_Drivers.dir/__/__/Core/Src/system_stm32f4xx.c.obj
 .debug_macro   0x0001e969       0x4d cmake/stm32cubemx/CMakeFiles/STM32_Drivers.dir/__/__/Core/Src/system_stm32f4xx.c.obj
 .debug_macro   0x0001e9b6      0x2aa cmake/stm32cubemx/CMakeFiles/STM32_Drivers.dir/__/__/Core/Src/system_stm32f4xx.c.obj
 .debug_macro   0x0001ec60      0x12d cmake/stm32cubemx/CMakeFiles/STM32_Drivers.dir/__/__/Core/Src/system_stm32f4xx.c.obj
 .debug_macro   0x0001ed8d      0x1cf cmake/stm32cubemx/CMakeFiles/STM32_Drivers.dir/__/__/Drivers/STM32F4xx_HAL_Driver/Src/stm32f4xx_hal_tim.c.obj
 .debug_macro   0x0001ef5c      0x1ce cmake/stm32cubemx/CMakeFiles/STM32_Drivers.dir/__/__/Drivers/STM32F4xx_HAL_Driver/Src/stm32f4xx_hal_tim_ex.c.obj
 .debug_macro   0x0001f12a      0x1f2 cmake/stm32cubemx/CMakeFiles/STM32_Drivers.dir/__/__/Drivers/STM32F4xx_HAL_Driver/Src/stm32f4xx_hal_rcc.c.obj
 .debug_macro   0x0001f31c      0x1d4 cmake/stm32cubemx/CMakeFiles/STM32_Drivers.dir/__/__/Drivers/STM32F4xx_HAL_Driver/Src/stm32f4xx_hal_gpio.c.obj
 .debug_macro   0x0001f4f0      0x1d4 cmake/stm32cubemx/CMakeFiles/STM32_Drivers.dir/__/__/Drivers/STM32F4xx_HAL_Driver/Src/stm32f4xx_hal_dma.c.obj
 .debug_macro   0x0001f6c4      0x1ce cmake/stm32cubemx/CMakeFiles/STM32_Drivers.dir/__/__/Drivers/STM32F4xx_HAL_Driver/Src/stm32f4xx_hal_cortex.c.obj
 .debug_macro   0x0001f892      0x22e cmake/stm32cubemx/CMakeFiles/STM32_Drivers.dir/__/__/Drivers/STM32F4xx_HAL_Driver/Src/stm32f4xx_hal.c.obj
 .debug_macro   0x0001fac0      0x1cf cmake/stm32cubemx/CMakeFiles/STM32_Drivers.dir/__/__/Drivers/STM32F4xx_HAL_Driver/Src/stm32f4xx_hal_uart.c.obj
 .debug_macro   0x0001fc8f      0x3b8 CMakeFiles/BASIC.dir/Core/Src/main.c.obj
 .debug_macro   0x00020047       0x1c CMakeFiles/BASIC.dir/Core/Src/main.c.obj
 .debug_macro   0x00020063       0x74 CMakeFiles/BASIC.dir/Core/Src/main.c.obj
 .debug_macro   0x000200d7       0x2a CMakeFiles/BASIC.dir/Core/Src/main.c.obj
 .debug_macro   0x00020101       0x3c CMakeFiles/BASIC.dir/Core/Src/main.c.obj
 .debug_macro   0x0002013d       0x34 CMakeFiles/BASIC.dir/Core/Src/main.c.obj
 .debug_macro   0x00020171       0x16 CMakeFiles/BASIC.dir/Core/Src/main.c.obj
 .debug_macro   0x00020187       0x3c CMakeFiles/BASIC.dir/Core/Src/main.c.obj
 .debug_macro   0x000201c3      0x370 CMakeFiles/BASIC.dir/Core/Src/main.c.obj
 .debug_macro   0x00020533       0x10 CMakeFiles/BASIC.dir/Core/Src/main.c.obj
 .debug_macro   0x00020543       0x16 CMakeFiles/BASIC.dir/Core/Src/main.c.obj
 .debug_macro   0x00020559       0x4a CMakeFiles/BASIC.dir/Core/Src/main.c.obj
 .debug_macro   0x000205a3       0x34 CMakeFiles/BASIC.dir/Core/Src/main.c.obj
 .debug_macro   0x000205d7       0x10 CMakeFiles/BASIC.dir/Core/Src/main.c.obj
 .debug_macro   0x000205e7       0x58 CMakeFiles/BASIC.dir/Core/Src/main.c.obj
 .debug_macro   0x0002063f      0x1e5 CMakeFiles/BASIC.dir/Core/Src/main.c.obj
 .debug_macro   0x00020824       0x16 CMakeFiles/BASIC.dir/Core/Src/main.c.obj
 .debug_macro   0x0002083a       0x16 CMakeFiles/BASIC.dir/Core/Src/main.c.obj
 .debug_macro   0x00020850      0x170 CMakeFiles/BASIC.dir/Core/Src/main.c.obj
 .debug_macro   0x000209c0       0xf4 CMakeFiles/BASIC.dir/Core/Src/main.c.obj
 .debug_macro   0x00020ab4       0x10 CMakeFiles/BASIC.dir/Core/Src/main.c.obj
 .debug_macro   0x00020ac4       0x1c CMakeFiles/BASIC.dir/Core/Src/main.c.obj
 .debug_macro   0x00020ae0       0x16 CMakeFiles/BASIC.dir/Core/Src/main.c.obj
 .debug_macro   0x00020af6       0x16 CMakeFiles/BASIC.dir/Core/Src/main.c.obj
 .debug_macro   0x00020b0c       0x29 CMakeFiles/BASIC.dir/Core/Src/main.c.obj
 .debug_macro   0x00020b35       0x16 CMakeFiles/BASIC.dir/Core/Src/main.c.obj
 .debug_macro   0x00020b4b       0x20 CMakeFiles/BASIC.dir/Core/Src/main.c.obj
 .debug_macro   0x00020b6b      0x19b CMakeFiles/BASIC.dir/Core/Src/main.c.obj
 .debug_macro   0x00020d06       0x4c CMakeFiles/BASIC.dir/Core/Src/main.c.obj
 .debug_macro   0x00020d52       0x22 CMakeFiles/BASIC.dir/Core/Src/main.c.obj
 .debug_macro   0x00020d74      0x1e2 CMakeFiles/BASIC.dir/Core/Src/gpio.c.obj
 .debug_macro   0x00020f56      0x1e2 CMakeFiles/BASIC.dir/Core/Src/dma.c.obj
 .debug_macro   0x00021138      0x1e2 CMakeFiles/BASIC.dir/Core/Src/tim.c.obj
 .debug_macro   0x0002131a      0x1e2 CMakeFiles/BASIC.dir/Core/Src/usart.c.obj
 .debug_macro   0x000214fc      0x1e2 CMakeFiles/BASIC.dir/Core/Src/stm32f4xx_it.c.obj
 .debug_macro   0x000216de      0x1d8 CMakeFiles/BASIC.dir/Core/Src/stm32f4xx_hal_msp.c.obj
 .debug_macro   0x000218b6      0x3aa CMakeFiles/BASIC.dir/sys/system.c.obj
 .debug_macro   0x00021c60      0x3aa CMakeFiles/BASIC.dir/sys/delay.c.obj
 .debug_macro   0x0002200a      0x3ae CMakeFiles/BASIC.dir/hardware/OLED.c.obj
 .debug_macro   0x000223b8      0x3ab CMakeFiles/BASIC.dir/hardware/OLED_Data.c.obj
 .debug_macro   0x00022763       0x22 CMakeFiles/BASIC.dir/hardware/OLED_Data.c.obj
 .debug_macro   0x00022785      0x3ae CMakeFiles/BASIC.dir/NVIC/timer.c.obj
 .debug_macro   0x00022b33      0x3ae CMakeFiles/BASIC.dir/NVIC/UART_NVIC.c.obj
 .debug_macro   0x00022ee1      0x3ae CMakeFiles/BASIC.dir/NVIC/uart_execute.c.obj

.debug_line     0x00000000    0x145d9
 .debug_line    0x00000000      0x720 cmake/stm32cubemx/CMakeFiles/STM32_Drivers.dir/__/__/Core/Src/system_stm32f4xx.c.obj
 .debug_line    0x00000720     0x3711 cmake/stm32cubemx/CMakeFiles/STM32_Drivers.dir/__/__/Drivers/STM32F4xx_HAL_Driver/Src/stm32f4xx_hal_tim.c.obj
 .debug_line    0x00003e31     0x18fc cmake/stm32cubemx/CMakeFiles/STM32_Drivers.dir/__/__/Drivers/STM32F4xx_HAL_Driver/Src/stm32f4xx_hal_tim_ex.c.obj
 .debug_line    0x0000572d      0xdab cmake/stm32cubemx/CMakeFiles/STM32_Drivers.dir/__/__/Drivers/STM32F4xx_HAL_Driver/Src/stm32f4xx_hal_rcc.c.obj
 .debug_line    0x000064d8      0xaf4 cmake/stm32cubemx/CMakeFiles/STM32_Drivers.dir/__/__/Drivers/STM32F4xx_HAL_Driver/Src/stm32f4xx_hal_gpio.c.obj
 .debug_line    0x00006fcc      0xf08 cmake/stm32cubemx/CMakeFiles/STM32_Drivers.dir/__/__/Drivers/STM32F4xx_HAL_Driver/Src/stm32f4xx_hal_dma.c.obj
 .debug_line    0x00007ed4      0xc6c cmake/stm32cubemx/CMakeFiles/STM32_Drivers.dir/__/__/Drivers/STM32F4xx_HAL_Driver/Src/stm32f4xx_hal_cortex.c.obj
 .debug_line    0x00008b40      0x99c cmake/stm32cubemx/CMakeFiles/STM32_Drivers.dir/__/__/Drivers/STM32F4xx_HAL_Driver/Src/stm32f4xx_hal.c.obj
 .debug_line    0x000094dc     0x24e4 cmake/stm32cubemx/CMakeFiles/STM32_Drivers.dir/__/__/Drivers/STM32F4xx_HAL_Driver/Src/stm32f4xx_hal_uart.c.obj
 .debug_line    0x0000b9c0      0x936 CMakeFiles/BASIC.dir/Core/Src/main.c.obj
 .debug_line    0x0000c2f6      0x6c9 CMakeFiles/BASIC.dir/Core/Src/gpio.c.obj
 .debug_line    0x0000c9bf      0x6bd CMakeFiles/BASIC.dir/Core/Src/dma.c.obj
 .debug_line    0x0000d07c      0x70d CMakeFiles/BASIC.dir/Core/Src/tim.c.obj
 .debug_line    0x0000d789      0xb78 CMakeFiles/BASIC.dir/Core/Src/usart.c.obj
 .debug_line    0x0000e301      0x921 CMakeFiles/BASIC.dir/Core/Src/stm32f4xx_it.c.obj
 .debug_line    0x0000ec22      0x6aa CMakeFiles/BASIC.dir/Core/Src/stm32f4xx_hal_msp.c.obj
 .debug_line    0x0000f2cc       0x7a CMakeFiles/BASIC.dir/startup_stm32f407xx.s.obj
 .debug_line    0x0000f346      0x8f0 CMakeFiles/BASIC.dir/sys/system.c.obj
 .debug_line    0x0000fc36      0x8af CMakeFiles/BASIC.dir/sys/delay.c.obj
 .debug_line    0x000104e5     0x1ae1 CMakeFiles/BASIC.dir/hardware/OLED.c.obj
 .debug_line    0x00011fc6      0x85e CMakeFiles/BASIC.dir/hardware/OLED_Data.c.obj
 .debug_line    0x00012824      0x8dd CMakeFiles/BASIC.dir/NVIC/timer.c.obj
 .debug_line    0x00013101      0xb1f CMakeFiles/BASIC.dir/NVIC/UART_NVIC.c.obj
 .debug_line    0x00013c20      0x969 CMakeFiles/BASIC.dir/NVIC/uart_execute.c.obj
 .debug_line    0x00014589       0x50 C:/CubeCLT/STM32CubeCLT_1.18.0/GNU-tools-for-STM32/bin/../lib/gcc/arm-none-eabi/13.3.1/../../../../arm-none-eabi/lib/thumb/v7e-m+fp/hard\libg_nano.a(libc_a-strcmp.o)

.debug_str      0x00000000    0xcccdc
 .debug_str     0x00000000    0xcccdc cmake/stm32cubemx/CMakeFiles/STM32_Drivers.dir/__/__/Core/Src/system_stm32f4xx.c.obj
                              0xc4073 (size before relaxing)
 .debug_str     0x000cccdc    0xc53fd cmake/stm32cubemx/CMakeFiles/STM32_Drivers.dir/__/__/Drivers/STM32F4xx_HAL_Driver/Src/stm32f4xx_hal_tim.c.obj
 .debug_str     0x000cccdc    0xc4c09 cmake/stm32cubemx/CMakeFiles/STM32_Drivers.dir/__/__/Drivers/STM32F4xx_HAL_Driver/Src/stm32f4xx_hal_tim_ex.c.obj
 .debug_str     0x000cccdc    0xc44a7 cmake/stm32cubemx/CMakeFiles/STM32_Drivers.dir/__/__/Drivers/STM32F4xx_HAL_Driver/Src/stm32f4xx_hal_rcc.c.obj
 .debug_str     0x000cccdc    0xc41ee cmake/stm32cubemx/CMakeFiles/STM32_Drivers.dir/__/__/Drivers/STM32F4xx_HAL_Driver/Src/stm32f4xx_hal_gpio.c.obj
 .debug_str     0x000cccdc    0xc448d cmake/stm32cubemx/CMakeFiles/STM32_Drivers.dir/__/__/Drivers/STM32F4xx_HAL_Driver/Src/stm32f4xx_hal_dma.c.obj
 .debug_str     0x000cccdc    0xc4973 cmake/stm32cubemx/CMakeFiles/STM32_Drivers.dir/__/__/Drivers/STM32F4xx_HAL_Driver/Src/stm32f4xx_hal_cortex.c.obj
 .debug_str     0x000cccdc    0xc4bf7 cmake/stm32cubemx/CMakeFiles/STM32_Drivers.dir/__/__/Drivers/STM32F4xx_HAL_Driver/Src/stm32f4xx_hal.c.obj
 .debug_str     0x000cccdc    0xc4a88 cmake/stm32cubemx/CMakeFiles/STM32_Drivers.dir/__/__/Drivers/STM32F4xx_HAL_Driver/Src/stm32f4xx_hal_uart.c.obj
 .debug_str     0x000cccdc    0xc85a8 CMakeFiles/BASIC.dir/Core/Src/main.c.obj
 .debug_str     0x000cccdc    0xc408e CMakeFiles/BASIC.dir/Core/Src/gpio.c.obj
 .debug_str     0x000cccdc    0xc44e0 CMakeFiles/BASIC.dir/Core/Src/dma.c.obj
 .debug_str     0x000cccdc    0xc4b1f CMakeFiles/BASIC.dir/Core/Src/tim.c.obj
 .debug_str     0x000cccdc    0xc4bc6 CMakeFiles/BASIC.dir/Core/Src/usart.c.obj
 .debug_str     0x000cccdc    0xc4959 CMakeFiles/BASIC.dir/Core/Src/stm32f4xx_it.c.obj
 .debug_str     0x000cccdc    0xc3fc3 CMakeFiles/BASIC.dir/Core/Src/stm32f4xx_hal_msp.c.obj
 .debug_str     0x000cccdc       0x90 CMakeFiles/BASIC.dir/startup_stm32f407xx.s.obj
 .debug_str     0x000cccdc    0xc85c9 CMakeFiles/BASIC.dir/sys/system.c.obj
 .debug_str     0x000cccdc    0xc8255 CMakeFiles/BASIC.dir/sys/delay.c.obj
 .debug_str     0x000cccdc    0xc86ba CMakeFiles/BASIC.dir/hardware/OLED.c.obj
 .debug_str     0x000cccdc    0xc824d CMakeFiles/BASIC.dir/hardware/OLED_Data.c.obj
 .debug_str     0x000cccdc    0xc8809 CMakeFiles/BASIC.dir/NVIC/timer.c.obj
 .debug_str     0x000cccdc    0xc8a8e CMakeFiles/BASIC.dir/NVIC/UART_NVIC.c.obj
 .debug_str     0x000cccdc    0xc878e CMakeFiles/BASIC.dir/NVIC/uart_execute.c.obj
 .debug_str     0x000cccdc       0xf2 C:/CubeCLT/STM32CubeCLT_1.18.0/GNU-tools-for-STM32/bin/../lib/gcc/arm-none-eabi/13.3.1/../../../../arm-none-eabi/lib/thumb/v7e-m+fp/hard\libg_nano.a(libc_a-strcmp.o)

.debug_line_str
                0x00000000      0x151
 .debug_line_str
                0x00000000      0x151 CMakeFiles/BASIC.dir/startup_stm32f407xx.s.obj
                                 0x74 (size before relaxing)
 .debug_line_str
                0x00000151       0xdd C:/CubeCLT/STM32CubeCLT_1.18.0/GNU-tools-for-STM32/bin/../lib/gcc/arm-none-eabi/13.3.1/../../../../arm-none-eabi/lib/thumb/v7e-m+fp/hard\libg_nano.a(libc_a-strcmp.o)
